npm notice run backend@0.0.1 start:dev
npm notice run nest start --watch
[2J[3J[H[[90m10:44:55 AM[0m] Starting compilation in watch mode...

[[90m10:45:03 AM[0m] Found 0 errors. Watching for file changes.

[32m[Nest] 7420  - [39m09/23/2026, 10:45:07 AM [32m    LOG[39m [38;5;3m[NestFactory] [39m[32mStarting Nest application...[39m
[32m[Nest] 7420  - [39m09/23/2026, 10:45:07 AM [32m    LOG[39m [38;5;3m[InstanceLoader] [39m[32mTypeOrmModule dependencies initialized[39m[38;5;3m +88ms[39m
[32m[Nest] 7420  - [39m09/23/2026, 10:45:07 AM [32m    LOG[39m [38;5;3m[InstanceLoader] [39m[32mSecureStorageModule dependencies initialized[39m[38;5;3m +0ms[39m
[32m[Nest] 7420  - [39m09/23/2026, 10:45:07 AM [32m    LOG[39m [38;5;3m[InstanceLoader] [39m[32mSecurityModule dependencies initialized[39m[38;5;3m +0ms[39m
[32m[Nest] 7420  - [39m09/23/2026, 10:45:07 AM [32m    LOG[39m [38;5;3m[InstanceLoader] [39m[32mSettingsModule dependencies initialized[39m[38;5;3m +4ms[39m
[32m[Nest] 7420  - [39m09/23/2026, 10:45:07 AM [32m    LOG[39m [38;5;3m[InstanceLoader] [39m[32mReportsModule dependencies initialized[39m[38;5;3m +1ms[39m
[32m[Nest] 7420  - [39m09/23/2026, 10:45:07 AM [32m    LOG[39m [38;5;3m[InstanceLoader] [39m[32mRealtimeModule dependencies initialized[39m[38;5;3m +0ms[39m
[32m[Nest] 7420  - [39m09/23/2026, 10:45:07 AM [32m    LOG[39m [38;5;3m[InstanceLoader] [39m[32mAppModule dependencies initialized[39m[38;5;3m +0ms[39m
[32m[Nest] 7420  - [39m09/23/2026, 10:45:07 AM [32m    LOG[39m [38;5;3m[InstanceLoader] [39m[32mTypeOrmCoreModule dependencies initialized[39m[38;5;3m +247ms[39m
[32m[Nest] 7420  - [39m09/23/2026, 10:45:07 AM [32m    LOG[39m [38;5;3m[InstanceLoader] [39m[32mTypeOrmModule dependencies initialized[39m[38;5;3m +0ms[39m
[32m[Nest] 7420  - [39m09/23/2026, 10:45:07 AM [32m    LOG[39m [38;5;3m[InstanceLoader] [39m[32mTypeOrmModule dependencies initialized[39m[38;5;3m +0ms[39m
[32m[Nest] 7420  - [39m09/23/2026, 10:45:07 AM [32m    LOG[39m [38;5;3m[InstanceLoader] [39m[32mTypeOrmModule dependencies initialized[39m[38;5;3m +0ms[39m
[32m[Nest] 7420  - [39m09/23/2026, 10:45:07 AM [32m    LOG[39m [38;5;3m[InstanceLoader] [39m[32mTypeOrmModule dependencies initialized[39m[38;5;3m +0ms[39m
[32m[Nest] 7420  - [39m09/23/2026, 10:45:07 AM [32m    LOG[39m [38;5;3m[InstanceLoader] [39m[32mTypeOrmModule dependencies initialized[39m[38;5;3m +0ms[39m
[32m[Nest] 7420  - [39m09/23/2026, 10:45:07 AM [32m    LOG[39m [38;5;3m[InstanceLoader] [39m[32mTypeOrmModule dependencies initialized[39m[38;5;3m +0ms[39m
[32m[Nest] 7420  - [39m09/23/2026, 10:45:07 AM [32m    LOG[39m [38;5;3m[InstanceLoader] [39m[32mTypeOrmModule dependencies initialized[39m[38;5;3m +0ms[39m
[32m[Nest] 7420  - [39m09/23/2026, 10:45:07 AM [32m    LOG[39m [38;5;3m[InstanceLoader] [39m[32mTypeOrmModule dependencies initialized[39m[38;5;3m +1ms[39m
[32m[Nest] 7420  - [39m09/23/2026, 10:45:07 AM [32m    LOG[39m [38;5;3m[InstanceLoader] [39m[32mTypeOrmModule dependencies initialized[39m[38;5;3m +0ms[39m
[32m[Nest] 7420  - [39m09/23/2026, 10:45:07 AM [32m    LOG[39m [38;5;3m[InstanceLoader] [39m[32mTypeOrmModule dependencies initialized[39m[38;5;3m +0ms[39m
[32m[Nest] 7420  - [39m09/23/2026, 10:45:07 AM [32m    LOG[39m [38;5;3m[InstanceLoader] [39m[32mTypeOrmModule dependencies initialized[39m[38;5;3m +0ms[39m
[32m[Nest] 7420  - [39m09/23/2026, 10:45:07 AM [32m    LOG[39m [38;5;3m[InstanceLoader] [39m[32mSeedModule dependencies initialized[39m[38;5;3m +0ms[39m
[32m[Nest] 7420  - [39m09/23/2026, 10:45:07 AM [32m    LOG[39m [38;5;3m[InstanceLoader] [39m[32mUsersModule dependencies initialized[39m[38;5;3m +1ms[39m
[32m[Nest] 7420  - [39m09/23/2026, 10:45:07 AM [32m    LOG[39m [38;5;3m[InstanceLoader] [39m[32mFacesModule dependencies initialized[39m[38;5;3m +0ms[39m
[32m[Nest] 7420  - [39m09/23/2026, 10:45:07 AM [32m    LOG[39m [38;5;3m[InstanceLoader] [39m[32mAlertsModule dependencies initialized[39m[38;5;3m +0ms[39m
[32m[Nest] 7420  - [39m09/23/2026, 10:45:07 AM [32m    LOG[39m [38;5;3m[InstanceLoader] [39m[32mIncidentsModule dependencies initialized[39m[38;5;3m +0ms[39m
[32m[Nest] 7420  - [39m09/23/2026, 10:45:07 AM [32m    LOG[39m [38;5;3m[InstanceLoader] [39m[32mAiGatewayModule dependencies initialized[39m[38;5;3m +0ms[39m
[32m[Nest] 7420  - [39m09/23/2026, 10:45:07 AM [32m    LOG[39m [38;5;3m[InstanceLoader] [39m[32mBuildingsModule dependencies initialized[39m[38;5;3m +0ms[39m
[32m[Nest] 7420  - [39m09/23/2026, 10:45:07 AM [32m    LOG[39m [38;5;3m[InstanceLoader] [39m[32mDetectionsModule dependencies initialized[39m[38;5;3m +0ms[39m
[32m[Nest] 7420  - [39m09/23/2026, 10:45:07 AM [32m    LOG[39m [38;5;3m[InstanceLoader] [39m[32mDashboardModule dependencies initialized[39m[38;5;3m +0ms[39m
[32m[Nest] 7420  - [39m09/23/2026, 10:45:07 AM [32m    LOG[39m [38;5;3m[InstanceLoader] [39m[32mCamerasModule dependencies initialized[39m[38;5;3m +0ms[39m
[32m[Nest] 7420  - [39m09/23/2026, 10:45:07 AM [32m    LOG[39m [38;5;3m[InstanceLoader] [39m[32mEnrollmentsModule dependencies initialized[39m[38;5;3m +0ms[39m
[32m[Nest] 7420  - [39m09/23/2026, 10:45:07 AM [32m    LOG[39m [38;5;3m[RoutesResolver] [39m[32mAppController {/api}:[39m[38;5;3m +36ms[39m
[32m[Nest] 7420  - [39m09/23/2026, 10:45:07 AM [32m    LOG[39m [38;5;3m[RouterExplorer] [39m[32mMapped {/api, GET} route[39m[38;5;3m +2ms[39m
[32m[Nest] 7420  - [39m09/23/2026, 10:45:07 AM [32m    LOG[39m [38;5;3m[RoutesResolver] [39m[32mUsersController {/api/users}:[39m[38;5;3m +1ms[39m
[32m[Nest] 7420  - [39m09/23/2026, 10:45:07 AM [32m    LOG[39m [38;5;3m[RouterExplorer] [39m[32mMapped {/api/users, POST} route[39m[38;5;3m +0ms[39m
[32m[Nest] 7420  - [39m09/23/2026, 10:45:07 AM [32m    LOG[39m [38;5;3m[RouterExplorer] [39m[32mMapped {/api/users/login, POST} route[39m[38;5;3m +1ms[39m
[32m[Nest] 7420  - [39m09/23/2026, 10:45:07 AM [32m    LOG[39m [38;5;3m[RouterExplorer] [39m[32mMapped {/api/users, GET} route[39m[38;5;3m +0ms[39m
[32m[Nest] 7420  - [39m09/23/2026, 10:45:07 AM [32m    LOG[39m [38;5;3m[RouterExplorer] [39m[32mMapped {/api/users/:id, GET} route[39m[38;5;3m +0ms[39m
[32m[Nest] 7420  - [39m09/23/2026, 10:45:07 AM [32m    LOG[39m [38;5;3m[RouterExplorer] [39m[32mMapped {/api/users/:id, PATCH} route[39m[38;5;3m +1ms[39m
[32m[Nest] 7420  - [39m09/23/2026, 10:45:07 AM [32m    LOG[39m [38;5;3m[RouterExplorer] [39m[32mMapped {/api/users/:id, DELETE} route[39m[38;5;3m +0ms[39m
[32m[Nest] 7420  - [39m09/23/2026, 10:45:07 AM [32m    LOG[39m [38;5;3m[RoutesResolver] [39m[32mFacesController {/api/faces}:[39m[38;5;3m +0ms[39m
[32m[Nest] 7420  - [39m09/23/2026, 10:45:07 AM [32m    LOG[39m [38;5;3m[RouterExplorer] [39m[32mMapped {/api/faces, POST} route[39m[38;5;3m +0ms[39m
[32m[Nest] 7420  - [39m09/23/2026, 10:45:07 AM [32m    LOG[39m [38;5;3m[RouterExplorer] [39m[32mMapped {/api/faces, GET} route[39m[38;5;3m +1ms[39m
[32m[Nest] 7420  - [39m09/23/2026, 10:45:07 AM [32m    LOG[39m [38;5;3m[RouterExplorer] [39m[32mMapped {/api/faces/:id, GET} route[39m[38;5;3m +0ms[39m
[32m[Nest] 7420  - [39m09/23/2026, 10:45:07 AM [32m    LOG[39m [38;5;3m[RouterExplorer] [39m[32mMapped {/api/faces/:id, PATCH} route[39m[38;5;3m +0ms[39m
[32m[Nest] 7420  - [39m09/23/2026, 10:45:07 AM [32m    LOG[39m [38;5;3m[RouterExplorer] [39m[32mMapped {/api/faces/:id, DELETE} route[39m[38;5;3m +0ms[39m
[32m[Nest] 7420  - [39m09/23/2026, 10:45:07 AM [32m    LOG[39m [38;5;3m[RoutesResolver] [39m[32mAlertsController {/api/alerts}:[39m[38;5;3m +0ms[39m
[32m[Nest] 7420  - [39m09/23/2026, 10:45:07 AM [32m    LOG[39m [38;5;3m[RouterExplorer] [39m[32mMapped {/api/alerts, POST} route[39m[38;5;3m +1ms[39m
[32m[Nest] 7420  - [39m09/23/2026, 10:45:07 AM [32m    LOG[39m [38;5;3m[RouterExplorer] [39m[32mMapped {/api/alerts, GET} route[39m[38;5;3m +0ms[39m
[32m[Nest] 7420  - [39m09/23/2026, 10:45:07 AM [32m    LOG[39m [38;5;3m[RouterExplorer] [39m[32mMapped {/api/alerts/:id, GET} route[39m[38;5;3m +0ms[39m
[32m[Nest] 7420  - [39m09/23/2026, 10:45:07 AM [32m    LOG[39m [38;5;3m[RouterExplorer] [39m[32mMapped {/api/alerts/:id, PATCH} route[39m[38;5;3m +0ms[39m
[32m[Nest] 7420  - [39m09/23/2026, 10:45:07 AM [32m    LOG[39m [38;5;3m[RouterExplorer] [39m[32mMapped {/api/alerts/:id, DELETE} route[39m[38;5;3m +0ms[39m
[32m[Nest] 7420  - [39m09/23/2026, 10:45:07 AM [32m    LOG[39m [38;5;3m[RoutesResolver] [39m[32mIncidentsController {/api/incidents}:[39m[38;5;3m +1ms[39m
[32m[Nest] 7420  - [39m09/23/2026, 10:45:07 AM [32m    LOG[39m [38;5;3m[RouterExplorer] [39m[32mMapped {/api/incidents, POST} route[39m[38;5;3m +0ms[39m
[32m[Nest] 7420  - [39m09/23/2026, 10:45:07 AM [32m    LOG[39m [38;5;3m[RouterExplorer] [39m[32mMapped {/api/incidents, GET} route[39m[38;5;3m +0ms[39m
[32m[Nest] 7420  - [39m09/23/2026, 10:45:07 AM [32m    LOG[39m [38;5;3m[RouterExplorer] [39m[32mMapped {/api/incidents/:id, GET} route[39m[38;5;3m +0ms[39m
[32m[Nest] 7420  - [39m09/23/2026, 10:45:07 AM [32m    LOG[39m [38;5;3m[RouterExplorer] [39m[32mMapped {/api/incidents/:id, PATCH} route[39m[38;5;3m +0ms[39m
[32m[Nest] 7420  - [39m09/23/2026, 10:45:07 AM [32m    LOG[39m [38;5;3m[RouterExplorer] [39m[32mMapped {/api/incidents/:id, DELETE} route[39m[38;5;3m +0ms[39m
[32m[Nest] 7420  - [39m09/23/2026, 10:45:07 AM [32m    LOG[39m [38;5;3m[RoutesResolver] [39m[32mEnrollmentsController {/api/enrollments}:[39m[38;5;3m +0ms[39m
[32m[Nest] 7420  - [39m09/23/2026, 10:45:07 AM [32m    LOG[39m [38;5;3m[RouterExplorer] [39m[32mMapped {/api/enrollments, POST} route[39m[38;5;3m +1ms[39m
[32m[Nest] 7420  - [39m09/23/2026, 10:45:07 AM [32m    LOG[39m [38;5;3m[RouterExplorer] [39m[32mMapped {/api/enrollments/self-service, POST} route[39m[38;5;3m +0ms[39m
[32m[Nest] 7420  - [39m09/23/2026, 10:45:07 AM [32m    LOG[39m [38;5;3m[RouterExplorer] [39m[32mMapped {/api/enrollments/face-check, POST} route[39m[38;5;3m +0ms[39m
[32m[Nest] 7420  - [39m09/23/2026, 10:45:07 AM [32m    LOG[39m [38;5;3m[RouterExplorer] [39m[32mMapped {/api/enrollments, GET} route[39m[38;5;3m +0ms[39m
[32m[Nest] 7420  - [39m09/23/2026, 10:45:07 AM [32m    LOG[39m [38;5;3m[RouterExplorer] [39m[32mMapped {/api/enrollments/:id, GET} route[39m[38;5;3m +0ms[39m
[32m[Nest] 7420  - [39m09/23/2026, 10:45:07 AM [32m    LOG[39m [38;5;3m[RouterExplorer] [39m[32mMapped {/api/enrollments/:id, PATCH} route[39m[38;5;3m +0ms[39m
[32m[Nest] 7420  - [39m09/23/2026, 10:45:07 AM [32m    LOG[39m [38;5;3m[RouterExplorer] [39m[32mMapped {/api/enrollments/:id, DELETE} route[39m[38;5;3m +0ms[39m
[32m[Nest] 7420  - [39m09/23/2026, 10:45:07 AM [32m    LOG[39m [38;5;3m[RoutesResolver] [39m[32mAiGatewayController {/api/ai}:[39m[38;5;3m +0ms[39m
[32m[Nest] 7420  - [39m09/23/2026, 10:45:07 AM [32m    LOG[39m [38;5;3m[RouterExplorer] [39m[32mMapped {/api/ai/health, GET} route[39m[38;5;3m +1ms[39m
[32m[Nest] 7420  - [39m09/23/2026, 10:45:07 AM [32m    LOG[39m [38;5;3m[RouterExplorer] [39m[32mMapped {/api/ai/persons, GET} route[39m[38;5;3m +0ms[39m
[32m[Nest] 7420  - [39m09/23/2026, 10:45:07 AM [32m    LOG[39m [38;5;3m[RouterExplorer] [39m[32mMapped {/api/ai/recognize, POST} route[39m[38;5;3m +0ms[39m
[32m[Nest] 7420  - [39m09/23/2026, 10:45:07 AM [32m    LOG[39m [38;5;3m[RouterExplorer] [39m[32mMapped {/api/ai/faces/:faceId/sync, POST} route[39m[38;5;3m +0ms[39m
[32m[Nest] 7420  - [39m09/23/2026, 10:45:07 AM [32m    LOG[39m [38;5;3m[RoutesResolver] [39m[32mBuildingsController {/api/buildings}:[39m[38;5;3m +0ms[39m
[32m[Nest] 7420  - [39m09/23/2026, 10:45:07 AM [32m    LOG[39m [38;5;3m[RouterExplorer] [39m[32mMapped {/api/buildings, POST} route[39m[38;5;3m +0ms[39m
[32m[Nest] 7420  - [39m09/23/2026, 10:45:07 AM [32m    LOG[39m [38;5;3m[RouterExplorer] [39m[32mMapped {/api/buildings, GET} route[39m[38;5;3m +0ms[39m
[32m[Nest] 7420  - [39m09/23/2026, 10:45:07 AM [32m    LOG[39m [38;5;3m[RouterExplorer] [39m[32mMapped {/api/buildings/enrollment-options, GET} route[39m[38;5;3m +0ms[39m
[32m[Nest] 7420  - [39m09/23/2026, 10:45:07 AM [32m    LOG[39m [38;5;3m[RouterExplorer] [39m[32mMapped {/api/buildings/:code, GET} route[39m[38;5;3m +1ms[39m
[32m[Nest] 7420  - [39m09/23/2026, 10:45:07 AM [32m    LOG[39m [38;5;3m[RouterExplorer] [39m[32mMapped {/api/buildings/:code, PATCH} route[39m[38;5;3m +0ms[39m
[32m[Nest] 7420  - [39m09/23/2026, 10:45:07 AM [32m    LOG[39m [38;5;3m[RouterExplorer] [39m[32mMapped {/api/buildings/:code, DELETE} route[39m[38;5;3m +0ms[39m
[32m[Nest] 7420  - [39m09/23/2026, 10:45:07 AM [32m    LOG[39m [38;5;3m[RoutesResolver] [39m[32mCamerasController {/api/cameras}:[39m[38;5;3m +0ms[39m
[32m[Nest] 7420  - [39m09/23/2026, 10:45:07 AM [32m    LOG[39m [38;5;3m[RouterExplorer] [39m[32mMapped {/api/cameras, POST} route[39m[38;5;3m +0ms[39m
[32m[Nest] 7420  - [39m09/23/2026, 10:45:07 AM [32m    LOG[39m [38;5;3m[RouterExplorer] [39m[32mMapped {/api/cameras, GET} route[39m[38;5;3m +0ms[39m
[32m[Nest] 7420  - [39m09/23/2026, 10:45:07 AM [32m    LOG[39m [38;5;3m[RouterExplorer] [39m[32mMapped {/api/cameras/:id/stream-token, POST} route[39m[38;5;3m +0ms[39m
[32m[Nest] 7420  - [39m09/23/2026, 10:45:07 AM [32m    LOG[39m [38;5;3m[RouterExplorer] [39m[32mMapped {/api/cameras/stream/:playbackId, GET} route[39m[38;5;3m +0ms[39m
[32m[Nest] 7420  - [39m09/23/2026, 10:45:07 AM [32m    LOG[39m [38;5;3m[RouterExplorer] [39m[32mMapped {/api/cameras/:id, GET} route[39m[38;5;3m +1ms[39m
[32m[Nest] 7420  - [39m09/23/2026, 10:45:07 AM [32m    LOG[39m [38;5;3m[RouterExplorer] [39m[32mMapped {/api/cameras/:id, PATCH} route[39m[38;5;3m +0ms[39m
[32m[Nest] 7420  - [39m09/23/2026, 10:45:07 AM [32m    LOG[39m [38;5;3m[RouterExplorer] [39m[32mMapped {/api/cameras/:id, DELETE} route[39m[38;5;3m +0ms[39m
[32m[Nest] 7420  - [39m09/23/2026, 10:45:07 AM [32m    LOG[39m [38;5;3m[RouterExplorer] [39m[32mMapped {/api/cameras/:id/test, POST} route[39m[38;5;3m +0ms[39m
[32m[Nest] 7420  - [39m09/23/2026, 10:45:07 AM [32m    LOG[39m [38;5;3m[RoutesResolver] [39m[32mSettingsController {/api/settings}:[39m[38;5;3m +0ms[39m
[32m[Nest] 7420  - [39m09/23/2026, 10:45:07 AM [32m    LOG[39m [38;5;3m[RouterExplorer] [39m[32mMapped {/api/settings, POST} route[39m[38;5;3m +0ms[39m
[32m[Nest] 7420  - [39m09/23/2026, 10:45:07 AM [32m    LOG[39m [38;5;3m[RouterExplorer] [39m[32mMapped {/api/settings, GET} route[39m[38;5;3m +0ms[39m
[32m[Nest] 7420  - [39m09/23/2026, 10:45:07 AM [32m    LOG[39m [38;5;3m[RouterExplorer] [39m[32mMapped {/api/settings/:id, GET} route[39m[38;5;3m +1ms[39m
[32m[Nest] 7420  - [39m09/23/2026, 10:45:07 AM [32m    LOG[39m [38;5;3m[RouterExplorer] [39m[32mMapped {/api/settings/:id, PATCH} route[39m[38;5;3m +0ms[39m
[32m[Nest] 7420  - [39m09/23/2026, 10:45:07 AM [32m    LOG[39m [38;5;3m[RouterExplorer] [39m[32mMapped {/api/settings/:id, DELETE} route[39m[38;5;3m +0ms[39m
[32m[Nest] 7420  - [39m09/23/2026, 10:45:07 AM [32m    LOG[39m [38;5;3m[RoutesResolver] [39m[32mDetectionsController {/api/detections}:[39m[38;5;3m +0ms[39m
[32m[Nest] 7420  - [39m09/23/2026, 10:45:07 AM [32m    LOG[39m [38;5;3m[RouterExplorer] [39m[32mMapped {/api/detections, POST} route[39m[38;5;3m +0ms[39m
[32m[Nest] 7420  - [39m09/23/2026, 10:45:07 AM [32m    LOG[39m [38;5;3m[RouterExplorer] [39m[32mMapped {/api/detections/ai-event, POST} route[39m[38;5;3m +0ms[39m
[32m[Nest] 7420  - [39m09/23/2026, 10:45:07 AM [32m    LOG[39m [38;5;3m[RouterExplorer] [39m[32mMapped {/api/detections, GET} route[39m[38;5;3m +0ms[39m
[32m[Nest] 7420  - [39m09/23/2026, 10:45:07 AM [32m    LOG[39m [38;5;3m[RouterExplorer] [39m[32mMapped {/api/detections/:id, GET} route[39m[38;5;3m +0ms[39m
[32m[Nest] 7420  - [39m09/23/2026, 10:45:07 AM [32m    LOG[39m [38;5;3m[RouterExplorer] [39m[32mMapped {/api/detections/:id, PATCH} route[39m[38;5;3m +0ms[39m
[32m[Nest] 7420  - [39m09/23/2026, 10:45:07 AM [32m    LOG[39m [38;5;3m[RouterExplorer] [39m[32mMapped {/api/detections/:id, DELETE} route[39m[38;5;3m +1ms[39m
[32m[Nest] 7420  - [39m09/23/2026, 10:45:07 AM [32m    LOG[39m [38;5;3m[RoutesResolver] [39m[32mReportsController {/api/reports}:[39m[38;5;3m +0ms[39m
[32m[Nest] 7420  - [39m09/23/2026, 10:45:07 AM [32m    LOG[39m [38;5;3m[RouterExplorer] [39m[32mMapped {/api/reports, POST} route[39m[38;5;3m +0ms[39m
[32m[Nest] 7420  - [39m09/23/2026, 10:45:07 AM [32m    LOG[39m [38;5;3m[RouterExplorer] [39m[32mMapped {/api/reports, GET} route[39m[38;5;3m +0ms[39m
[32m[Nest] 7420  - [39m09/23/2026, 10:45:07 AM [32m    LOG[39m [38;5;3m[RouterExplorer] [39m[32mMapped {/api/reports/:id, GET} route[39m[38;5;3m +0ms[39m
[32m[Nest] 7420  - [39m09/23/2026, 10:45:07 AM [32m    LOG[39m [38;5;3m[RouterExplorer] [39m[32mMapped {/api/reports/:id, PATCH} route[39m[38;5;3m +0ms[39m
[32m[Nest] 7420  - [39m09/23/2026, 10:45:07 AM [32m    LOG[39m [38;5;3m[RouterExplorer] [39m[32mMapped {/api/reports/:id, DELETE} route[39m[38;5;3m +0ms[39m
[32m[Nest] 7420  - [39m09/23/2026, 10:45:07 AM [32m    LOG[39m [38;5;3m[RoutesResolver] [39m[32mDashboardController {/api/dashboard}:[39m[38;5;3m +0ms[39m
[32m[Nest] 7420  - [39m09/23/2026, 10:45:07 AM [32m    LOG[39m [38;5;3m[RouterExplorer] [39m[32mMapped {/api/dashboard/summary, GET} route[39m[38;5;3m +0ms[39m
[32m[Nest] 7420  - [39m09/23/2026, 10:45:07 AM [32m    LOG[39m [38;5;3m[RouterExplorer] [39m[32mMapped {/api/dashboard/badges, GET} route[39m[38;5;3m +1ms[39m
[32m[Nest] 7420  - [39m09/23/2026, 10:45:07 AM [32m    LOG[39m [38;5;3m[RoutesResolver] [39m[32mRealtimeController {/api/realtime}:[39m[38;5;3m +0ms[39m
[32m[Nest] 7420  - [39m09/23/2026, 10:45:07 AM [32m    LOG[39m [38;5;3m[RouterExplorer] [39m[32mMapped {/api/realtime/token, POST} route[39m[38;5;3m +0ms[39m
[32m[Nest] 7420  - [39m09/23/2026, 10:45:07 AM [32m    LOG[39m [38;5;3m[RouterExplorer] [39m[32mMapped {/api/realtime/events, GET} route[39m[38;5;3m +0ms[39m
Seed completed.
[32m[Nest] 7420  - [39m09/23/2026, 10:45:07 AM [32m    LOG[39m [38;5;3m[NestApplication] [39m[32mNest application successfully started[39m[38;5;3m +256ms[39m
Application is running on: http://localhost:3000
Swagger UI is running on: http://localhost:3000/api
[2J[3J[H[[90m12:24:57 PM[0m] File change detected. Starting incremental compilation...

[[90m12:24:58 PM[0m] Found 0 errors. Watching for file changes.

[2J[3J[H[[90m12:24:58 PM[0m] File change detected. Starting incremental compilation...

[[90m12:24:59 PM[0m] Found 0 errors. Watching for file changes.

[2J[3J[H[[90m12:24:59 PM[0m] File change detected. Starting incremental compilation...

[[90m12:25:00 PM[0m] Found 0 errors. Watching for file changes.

[2J[3J[H[[90m12:25:02 PM[0m] File change detected. Starting incremental compilation...

[[90m12:25:02 PM[0m] Found 0 errors. Watching for file changes.

[2J[3J[H[[90m12:25:03 PM[0m] File change detected. Starting incremental compilation...

[[90m12:25:03 PM[0m] Found 0 errors. Watching for file changes.

[2J[3J[H[[90m12:25:06 PM[0m] File change detected. Starting incremental compilation...

[[90m12:25:06 PM[0m] Found 0 errors. Watching for file changes.

[2J[3J[H[[90m12:25:07 PM[0m] File change detected. Starting incremental compilation...

[[90m12:25:07 PM[0m] Found 0 errors. Watching for file changes.

[32m[Nest] 27952  - [39m09/23/2026, 12:25:11 PM [32m    LOG[39m [38;5;3m[NestFactory] [39m[32mStarting Nest application...[39m
[32m[Nest] 27952  - [39m09/23/2026, 12:25:11 PM [32m    LOG[39m [38;5;3m[InstanceLoader] [39m[32mTypeOrmModule dependencies initialized[39m[38;5;3m +117ms[39m
[32m[Nest] 27952  - [39m09/23/2026, 12:25:11 PM [32m    LOG[39m [38;5;3m[InstanceLoader] [39m[32mSecureStorageModule dependencies initialized[39m[38;5;3m +0ms[39m
[32m[Nest] 27952  - [39m09/23/2026, 12:25:11 PM [32m    LOG[39m [38;5;3m[InstanceLoader] [39m[32mSecurityModule dependencies initialized[39m[38;5;3m +1ms[39m
[32m[Nest] 27952  - [39m09/23/2026, 12:25:11 PM [32m    LOG[39m [38;5;3m[InstanceLoader] [39m[32mSettingsModule dependencies initialized[39m[38;5;3m +0ms[39m
[32m[Nest] 27952  - [39m09/23/2026, 12:25:11 PM [32m    LOG[39m [38;5;3m[InstanceLoader] [39m[32mReportsModule dependencies initialized[39m[38;5;3m +0ms[39m
[32m[Nest] 27952  - [39m09/23/2026, 12:25:11 PM [32m    LOG[39m [38;5;3m[InstanceLoader] [39m[32mRealtimeModule dependencies initialized[39m[38;5;3m +0ms[39m
[32m[Nest] 27952  - [39m09/23/2026, 12:25:11 PM [32m    LOG[39m [38;5;3m[InstanceLoader] [39m[32mAppModule dependencies initialized[39m[38;5;3m +1ms[39m
[32m[Nest] 27952  - [39m09/23/2026, 12:25:11 PM [32m    LOG[39m [38;5;3m[InstanceLoader] [39m[32mTypeOrmCoreModule dependencies initialized[39m[38;5;3m +104ms[39m
[32m[Nest] 27952  - [39m09/23/2026, 12:25:11 PM [32m    LOG[39m [38;5;3m[InstanceLoader] [39m[32mTypeOrmModule dependencies initialized[39m[38;5;3m +0ms[39m
[32m[Nest] 27952  - [39m09/23/2026, 12:25:11 PM [32m    LOG[39m [38;5;3m[InstanceLoader] [39m[32mTypeOrmModule dependencies initialized[39m[38;5;3m +0ms[39m
[32m[Nest] 27952  - [39m09/23/2026, 12:25:11 PM [32m    LOG[39m [38;5;3m[InstanceLoader] [39m[32mTypeOrmModule dependencies initialized[39m[38;5;3m +0ms[39m
[32m[Nest] 27952  - [39m09/23/2026, 12:25:11 PM [32m    LOG[39m [38;5;3m[InstanceLoader] [39m[32mTypeOrmModule dependencies initialized[39m[38;5;3m +0ms[39m
[32m[Nest] 27952  - [39m09/23/2026, 12:25:11 PM [32m    LOG[39m [38;5;3m[InstanceLoader] [39m[32mTypeOrmModule dependencies initialized[39m[38;5;3m +0ms[39m
[32m[Nest] 27952  - [39m09/23/2026, 12:25:11 PM [32m    LOG[39m [38;5;3m[InstanceLoader] [39m[32mTypeOrmModule dependencies initialized[39m[38;5;3m +0ms[39m
[32m[Nest] 27952  - [39m09/23/2026, 12:25:11 PM [32m    LOG[39m [38;5;3m[InstanceLoader] [39m[32mTypeOrmModule dependencies initialized[39m[38;5;3m +0ms[39m
[32m[Nest] 27952  - [39m09/23/2026, 12:25:11 PM [32m    LOG[39m [38;5;3m[InstanceLoader] [39m[32mTypeOrmModule dependencies initialized[39m[38;5;3m +0ms[39m
[32m[Nest] 27952  - [39m09/23/2026, 12:25:11 PM [32m    LOG[39m [38;5;3m[InstanceLoader] [39m[32mTypeOrmModule dependencies initialized[39m[38;5;3m +0ms[39m
[32m[Nest] 27952  - [39m09/23/2026, 12:25:11 PM [32m    LOG[39m [38;5;3m[InstanceLoader] [39m[32mTypeOrmModule dependencies initialized[39m[38;5;3m +0ms[39m
[32m[Nest] 27952  - [39m09/23/2026, 12:25:11 PM [32m    LOG[39m [38;5;3m[InstanceLoader] [39m[32mTypeOrmModule dependencies initialized[39m[38;5;3m +0ms[39m
[32m[Nest] 27952  - [39m09/23/2026, 12:25:11 PM [32m    LOG[39m [38;5;3m[InstanceLoader] [39m[32mSeedModule dependencies initialized[39m[38;5;3m +1ms[39m
[32m[Nest] 27952  - [39m09/23/2026, 12:25:11 PM [32m    LOG[39m [38;5;3m[InstanceLoader] [39m[32mUsersModule dependencies initialized[39m[38;5;3m +0ms[39m
[32m[Nest] 27952  - [39m09/23/2026, 12:25:11 PM [32m    LOG[39m [38;5;3m[InstanceLoader] [39m[32mFacesModule dependencies initialized[39m[38;5;3m +0ms[39m
[32m[Nest] 27952  - [39m09/23/2026, 12:25:11 PM [32m    LOG[39m [38;5;3m[InstanceLoader] [39m[32mAlertsModule dependencies initialized[39m[38;5;3m +0ms[39m
[32m[Nest] 27952  - [39m09/23/2026, 12:25:11 PM [32m    LOG[39m [38;5;3m[InstanceLoader] [39m[32mIncidentsModule dependencies initialized[39m[38;5;3m +0ms[39m
[32m[Nest] 27952  - [39m09/23/2026, 12:25:11 PM [32m    LOG[39m [38;5;3m[InstanceLoader] [39m[32mAiGatewayModule dependencies initialized[39m[38;5;3m +0ms[39m
[32m[Nest] 27952  - [39m09/23/2026, 12:25:11 PM [32m    LOG[39m [38;5;3m[InstanceLoader] [39m[32mBuildingsModule dependencies initialized[39m[38;5;3m +0ms[39m
[32m[Nest] 27952  - [39m09/23/2026, 12:25:11 PM [32m    LOG[39m [38;5;3m[InstanceLoader] [39m[32mDetectionsModule dependencies initialized[39m[38;5;3m +0ms[39m
[32m[Nest] 27952  - [39m09/23/2026, 12:25:11 PM [32m    LOG[39m [38;5;3m[InstanceLoader] [39m[32mDashboardModule dependencies initialized[39m[38;5;3m +0ms[39m
[32m[Nest] 27952  - [39m09/23/2026, 12:25:11 PM [32m    LOG[39m [38;5;3m[InstanceLoader] [39m[32mCamerasModule dependencies initialized[39m[38;5;3m +0ms[39m
[32m[Nest] 27952  - [39m09/23/2026, 12:25:11 PM [32m    LOG[39m [38;5;3m[InstanceLoader] [39m[32mEnrollmentsModule dependencies initialized[39m[38;5;3m +1ms[39m
[32m[Nest] 27952  - [39m09/23/2026, 12:25:11 PM [32m    LOG[39m [38;5;3m[RoutesResolver] [39m[32mAppController {/api}:[39m[38;5;3m +33ms[39m
[32m[Nest] 27952  - [39m09/23/2026, 12:25:11 PM [32m    LOG[39m [38;5;3m[RouterExplorer] [39m[32mMapped {/api, GET} route[39m[38;5;3m +2ms[39m
[32m[Nest] 27952  - [39m09/23/2026, 12:25:11 PM [32m    LOG[39m [38;5;3m[RoutesResolver] [39m[32mUsersController {/api/users}:[39m[38;5;3m +0ms[39m
[32m[Nest] 27952  - [39m09/23/2026, 12:25:11 PM [32m    LOG[39m [38;5;3m[RouterExplorer] [39m[32mMapped {/api/users, POST} route[39m[38;5;3m +1ms[39m
[32m[Nest] 27952  - [39m09/23/2026, 12:25:11 PM [32m    LOG[39m [38;5;3m[RouterExplorer] [39m[32mMapped {/api/users/login, POST} route[39m[38;5;3m +0ms[39m
[32m[Nest] 27952  - [39m09/23/2026, 12:25:11 PM [32m    LOG[39m [38;5;3m[RouterExplorer] [39m[32mMapped {/api/users, GET} route[39m[38;5;3m +0ms[39m
[32m[Nest] 27952  - [39m09/23/2026, 12:25:11 PM [32m    LOG[39m [38;5;3m[RouterExplorer] [39m[32mMapped {/api/users/:id, GET} route[39m[38;5;3m +1ms[39m
[32m[Nest] 27952  - [39m09/23/2026, 12:25:11 PM [32m    LOG[39m [38;5;3m[RouterExplorer] [39m[32mMapped {/api/users/:id, PATCH} route[39m[38;5;3m +0ms[39m
[32m[Nest] 27952  - [39m09/23/2026, 12:25:11 PM [32m    LOG[39m [38;5;3m[RouterExplorer] [39m[32mMapped {/api/users/:id, DELETE} route[39m[38;5;3m +0ms[39m
[32m[Nest] 27952  - [39m09/23/2026, 12:25:11 PM [32m    LOG[39m [38;5;3m[RoutesResolver] [39m[32mFacesController {/api/faces}:[39m[38;5;3m +0ms[39m
[32m[Nest] 27952  - [39m09/23/2026, 12:25:11 PM [32m    LOG[39m [38;5;3m[RouterExplorer] [39m[32mMapped {/api/faces, POST} route[39m[38;5;3m +0ms[39m
[32m[Nest] 27952  - [39m09/23/2026, 12:25:11 PM [32m    LOG[39m [38;5;3m[RouterExplorer] [39m[32mMapped {/api/faces, GET} route[39m[38;5;3m +0ms[39m
[32m[Nest] 27952  - [39m09/23/2026, 12:25:11 PM [32m    LOG[39m [38;5;3m[RouterExplorer] [39m[32mMapped {/api/faces/:id, GET} route[39m[38;5;3m +0ms[39m
[32m[Nest] 27952  - [39m09/23/2026, 12:25:11 PM [32m    LOG[39m [38;5;3m[RouterExplorer] [39m[32mMapped {/api/faces/:id, PATCH} route[39m[38;5;3m +1ms[39m
[32m[Nest] 27952  - [39m09/23/2026, 12:25:11 PM [32m    LOG[39m [38;5;3m[RouterExplorer] [39m[32mMapped {/api/faces/:id, DELETE} route[39m[38;5;3m +0ms[39m
[32m[Nest] 27952  - [39m09/23/2026, 12:25:11 PM [32m    LOG[39m [38;5;3m[RoutesResolver] [39m[32mAlertsController {/api/alerts}:[39m[38;5;3m +0ms[39m
[32m[Nest] 27952  - [39m09/23/2026, 12:25:11 PM [32m    LOG[39m [38;5;3m[RouterExplorer] [39m[32mMapped {/api/alerts, POST} route[39m[38;5;3m +0ms[39m
[32m[Nest] 27952  - [39m09/23/2026, 12:25:11 PM [32m    LOG[39m [38;5;3m[RouterExplorer] [39m[32mMapped {/api/alerts, GET} route[39m[38;5;3m +0ms[39m
[32m[Nest] 27952  - [39m09/23/2026, 12:25:11 PM [32m    LOG[39m [38;5;3m[RouterExplorer] [39m[32mMapped {/api/alerts/:id, GET} route[39m[38;5;3m +0ms[39m
[32m[Nest] 27952  - [39m09/23/2026, 12:25:11 PM [32m    LOG[39m [38;5;3m[RouterExplorer] [39m[32mMapped {/api/alerts/:id, PATCH} route[39m[38;5;3m +0ms[39m
[32m[Nest] 27952  - [39m09/23/2026, 12:25:11 PM [32m    LOG[39m [38;5;3m[RouterExplorer] [39m[32mMapped {/api/alerts/:id, DELETE} route[39m[38;5;3m +0ms[39m
[32m[Nest] 27952  - [39m09/23/2026, 12:25:11 PM [32m    LOG[39m [38;5;3m[RoutesResolver] [39m[32mIncidentsController {/api/incidents}:[39m[38;5;3m +1ms[39m
[32m[Nest] 27952  - [39m09/23/2026, 12:25:11 PM [32m    LOG[39m [38;5;3m[RouterExplorer] [39m[32mMapped {/api/incidents, POST} route[39m[38;5;3m +0ms[39m
[32m[Nest] 27952  - [39m09/23/2026, 12:25:11 PM [32m    LOG[39m [38;5;3m[RouterExplorer] [39m[32mMapped {/api/incidents, GET} route[39m[38;5;3m +0ms[39m
[32m[Nest] 27952  - [39m09/23/2026, 12:25:11 PM [32m    LOG[39m [38;5;3m[RouterExplorer] [39m[32mMapped {/api/incidents/:id, GET} route[39m[38;5;3m +0ms[39m
[32m[Nest] 27952  - [39m09/23/2026, 12:25:11 PM [32m    LOG[39m [38;5;3m[RouterExplorer] [39m[32mMapped {/api/incidents/:id, PATCH} route[39m[38;5;3m +0ms[39m
[32m[Nest] 27952  - [39m09/23/2026, 12:25:11 PM [32m    LOG[39m [38;5;3m[RouterExplorer] [39m[32mMapped {/api/incidents/:id, DELETE} route[39m[38;5;3m +0ms[39m
[32m[Nest] 27952  - [39m09/23/2026, 12:25:11 PM [32m    LOG[39m [38;5;3m[RoutesResolver] [39m[32mEnrollmentsController {/api/enrollments}:[39m[38;5;3m +0ms[39m
[32m[Nest] 27952  - [39m09/23/2026, 12:25:11 PM [32m    LOG[39m [38;5;3m[RouterExplorer] [39m[32mMapped {/api/enrollments, POST} route[39m[38;5;3m +3ms[39m
[32m[Nest] 27952  - [39m09/23/2026, 12:25:11 PM [32m    LOG[39m [38;5;3m[RouterExplorer] [39m[32mMapped {/api/enrollments/self-service, POST} route[39m[38;5;3m +0ms[39m
[32m[Nest] 27952  - [39m09/23/2026, 12:25:11 PM [32m    LOG[39m [38;5;3m[RouterExplorer] [39m[32mMapped {/api/enrollments/face-check, POST} route[39m[38;5;3m +0ms[39m
[32m[Nest] 27952  - [39m09/23/2026, 12:25:11 PM [32m    LOG[39m [38;5;3m[RouterExplorer] [39m[32mMapped {/api/enrollments, GET} route[39m[38;5;3m +0ms[39m
[32m[Nest] 27952  - [39m09/23/2026, 12:25:11 PM [32m    LOG[39m [38;5;3m[RouterExplorer] [39m[32mMapped {/api/enrollments/:id, GET} route[39m[38;5;3m +1ms[39m
[32m[Nest] 27952  - [39m09/23/2026, 12:25:11 PM [32m    LOG[39m [38;5;3m[RouterExplorer] [39m[32mMapped {/api/enrollments/:id, PATCH} route[39m[38;5;3m +0ms[39m
[32m[Nest] 27952  - [39m09/23/2026, 12:25:11 PM [32m    LOG[39m [38;5;3m[RouterExplorer] [39m[32mMapped {/api/enrollments/:id, DELETE} route[39m[38;5;3m +0ms[39m
[32m[Nest] 27952  - [39m09/23/2026, 12:25:11 PM [32m    LOG[39m [38;5;3m[RoutesResolver] [39m[32mAiGatewayController {/api/ai}:[39m[38;5;3m +0ms[39m
[32m[Nest] 27952  - [39m09/23/2026, 12:25:11 PM [32m    LOG[39m [38;5;3m[RouterExplorer] [39m[32mMapped {/api/ai/health, GET} route[39m[38;5;3m +0ms[39m
[32m[Nest] 27952  - [39m09/23/2026, 12:25:11 PM [32m    LOG[39m [38;5;3m[RouterExplorer] [39m[32mMapped {/api/ai/persons, GET} route[39m[38;5;3m +0ms[39m
[32m[Nest] 27952  - [39m09/23/2026, 12:25:11 PM [32m    LOG[39m [38;5;3m[RouterExplorer] [39m[32mMapped {/api/ai/recognize, POST} route[39m[38;5;3m +0ms[39m
[32m[Nest] 27952  - [39m09/23/2026, 12:25:11 PM [32m    LOG[39m [38;5;3m[RouterExplorer] [39m[32mMapped {/api/ai/faces/:faceId/sync, POST} route[39m[38;5;3m +0ms[39m
[32m[Nest] 27952  - [39m09/23/2026, 12:25:11 PM [32m    LOG[39m [38;5;3m[RoutesResolver] [39m[32mBuildingsController {/api/buildings}:[39m[38;5;3m +0ms[39m
[32m[Nest] 27952  - [39m09/23/2026, 12:25:11 PM [32m    LOG[39m [38;5;3m[RouterExplorer] [39m[32mMapped {/api/buildings, POST} route[39m[38;5;3m +1ms[39m
[32m[Nest] 27952  - [39m09/23/2026, 12:25:11 PM [32m    LOG[39m [38;5;3m[RouterExplorer] [39m[32mMapped {/api/buildings, GET} route[39m[38;5;3m +0ms[39m
[32m[Nest] 27952  - [39m09/23/2026, 12:25:11 PM [32m    LOG[39m [38;5;3m[RouterExplorer] [39m[32mMapped {/api/buildings/enrollment-options, GET} route[39m[38;5;3m +0ms[39m
[32m[Nest] 27952  - [39m09/23/2026, 12:25:11 PM [32m    LOG[39m [38;5;3m[RouterExplorer] [39m[32mMapped {/api/buildings/:code, GET} route[39m[38;5;3m +0ms[39m
[32m[Nest] 27952  - [39m09/23/2026, 12:25:11 PM [32m    LOG[39m [38;5;3m[RouterExplorer] [39m[32mMapped {/api/buildings/:code, PATCH} route[39m[38;5;3m +0ms[39m
[32m[Nest] 27952  - [39m09/23/2026, 12:25:11 PM [32m    LOG[39m [38;5;3m[RouterExplorer] [39m[32mMapped {/api/buildings/:code, DELETE} route[39m[38;5;3m +0ms[39m
[32m[Nest] 27952  - [39m09/23/2026, 12:25:11 PM [32m    LOG[39m [38;5;3m[RoutesResolver] [39m[32mCamerasController {/api/cameras}:[39m[38;5;3m +0ms[39m
[32m[Nest] 27952  - [39m09/23/2026, 12:25:11 PM [32m    LOG[39m [38;5;3m[RouterExplorer] [39m[32mMapped {/api/cameras, POST} route[39m[38;5;3m +0ms[39m
[32m[Nest] 27952  - [39m09/23/2026, 12:25:11 PM [32m    LOG[39m [38;5;3m[RouterExplorer] [39m[32mMapped {/api/cameras, GET} route[39m[38;5;3m +1ms[39m
[32m[Nest] 27952  - [39m09/23/2026, 12:25:11 PM [32m    LOG[39m [38;5;3m[RouterExplorer] [39m[32mMapped {/api/cameras/:id/stream-token, POST} route[39m[38;5;3m +0ms[39m
[32m[Nest] 27952  - [39m09/23/2026, 12:25:11 PM [32m    LOG[39m [38;5;3m[RouterExplorer] [39m[32mMapped {/api/cameras/stream/:playbackId, GET} route[39m[38;5;3m +0ms[39m
[32m[Nest] 27952  - [39m09/23/2026, 12:25:11 PM [32m    LOG[39m [38;5;3m[RouterExplorer] [39m[32mMapped {/api/cameras/:id, GET} route[39m[38;5;3m +0ms[39m
[32m[Nest] 27952  - [39m09/23/2026, 12:25:11 PM [32m    LOG[39m [38;5;3m[RouterExplorer] [39m[32mMapped {/api/cameras/:id, PATCH} route[39m[38;5;3m +0ms[39m
[32m[Nest] 27952  - [39m09/23/2026, 12:25:11 PM [32m    LOG[39m [38;5;3m[RouterExplorer] [39m[32mMapped {/api/cameras/:id, DELETE} route[39m[38;5;3m +0ms[39m
[32m[Nest] 27952  - [39m09/23/2026, 12:25:11 PM [32m    LOG[39m [38;5;3m[RouterExplorer] [39m[32mMapped {/api/cameras/:id/test, POST} route[39m[38;5;3m +0ms[39m
[32m[Nest] 27952  - [39m09/23/2026, 12:25:11 PM [32m    LOG[39m [38;5;3m[RoutesResolver] [39m[32mSettingsController {/api/settings}:[39m[38;5;3m +0ms[39m
[32m[Nest] 27952  - [39m09/23/2026, 12:25:11 PM [32m    LOG[39m [38;5;3m[RouterExplorer] [39m[32mMapped {/api/settings, POST} route[39m[38;5;3m +1ms[39m
[32m[Nest] 27952  - [39m09/23/2026, 12:25:11 PM [32m    LOG[39m [38;5;3m[RouterExplorer] [39m[32mMapped {/api/settings, GET} route[39m[38;5;3m +0ms[39m
[32m[Nest] 27952  - [39m09/23/2026, 12:25:11 PM [32m    LOG[39m [38;5;3m[RouterExplorer] [39m[32mMapped {/api/settings/:id, GET} route[39m[38;5;3m +0ms[39m
[32m[Nest] 27952  - [39m09/23/2026, 12:25:11 PM [32m    LOG[39m [38;5;3m[RouterExplorer] [39m[32mMapped {/api/settings/:id, PATCH} route[39m[38;5;3m +0ms[39m
[32m[Nest] 27952  - [39m09/23/2026, 12:25:11 PM [32m    LOG[39m [38;5;3m[RouterExplorer] [39m[32mMapped {/api/settings/:id, DELETE} route[39m[38;5;3m +0ms[39m
[32m[Nest] 27952  - [39m09/23/2026, 12:25:11 PM [32m    LOG[39m [38;5;3m[RoutesResolver] [39m[32mDetectionsController {/api/detections}:[39m[38;5;3m +0ms[39m
[32m[Nest] 27952  - [39m09/23/2026, 12:25:11 PM [32m    LOG[39m [38;5;3m[RouterExplorer] [39m[32mMapped {/api/detections, POST} route[39m[38;5;3m +0ms[39m
[32m[Nest] 27952  - [39m09/23/2026, 12:25:11 PM [32m    LOG[39m [38;5;3m[RouterExplorer] [39m[32mMapped {/api/detections/ai-event, POST} route[39m[38;5;3m +0ms[39m
[32m[Nest] 27952  - [39m09/23/2026, 12:25:11 PM [32m    LOG[39m [38;5;3m[RouterExplorer] [39m[32mMapped {/api/detections, GET} route[39m[38;5;3m +0ms[39m
[32m[Nest] 27952  - [39m09/23/2026, 12:25:11 PM [32m    LOG[39m [38;5;3m[RouterExplorer] [39m[32mMapped {/api/detections/:id, GET} route[39m[38;5;3m +1ms[39m
[32m[Nest] 27952  - [39m09/23/2026, 12:25:11 PM [32m    LOG[39m [38;5;3m[RouterExplorer] [39m[32mMapped {/api/detections/:id, PATCH} route[39m[38;5;3m +0ms[39m
[32m[Nest] 27952  - [39m09/23/2026, 12:25:11 PM [32m    LOG[39m [38;5;3m[RouterExplorer] [39m[32mMapped {/api/detections/:id, DELETE} route[39m[38;5;3m +0ms[39m
[32m[Nest] 27952  - [39m09/23/2026, 12:25:11 PM [32m    LOG[39m [38;5;3m[RoutesResolver] [39m[32mReportsController {/api/reports}:[39m[38;5;3m +0ms[39m
[32m[Nest] 27952  - [39m09/23/2026, 12:25:11 PM [32m    LOG[39m [38;5;3m[RouterExplorer] [39m[32mMapped {/api/reports, POST} route[39m[38;5;3m +0ms[39m
[32m[Nest] 27952  - [39m09/23/2026, 12:25:11 PM [32m    LOG[39m [38;5;3m[RouterExplorer] [39m[32mMapped {/api/reports, GET} route[39m[38;5;3m +0ms[39m
[32m[Nest] 27952  - [39m09/23/2026, 12:25:11 PM [32m    LOG[39m [38;5;3m[RouterExplorer] [39m[32mMapped {/api/reports/:id, GET} route[39m[38;5;3m +0ms[39m
[32m[Nest] 27952  - [39m09/23/2026, 12:25:11 PM [32m    LOG[39m [38;5;3m[RouterExplorer] [39m[32mMapped {/api/reports/:id, PATCH} route[39m[38;5;3m +0ms[39m
[32m[Nest] 27952  - [39m09/23/2026, 12:25:11 PM [32m    LOG[39m [38;5;3m[RouterExplorer] [39m[32mMapped {/api/reports/:id, DELETE} route[39m[38;5;3m +0ms[39m
[32m[Nest] 27952  - [39m09/23/2026, 12:25:11 PM [32m    LOG[39m [38;5;3m[RoutesResolver] [39m[32mDashboardController {/api/dashboard}:[39m[38;5;3m +0ms[39m
[32m[Nest] 27952  - [39m09/23/2026, 12:25:11 PM [32m    LOG[39m [38;5;3m[RouterExplorer] [39m[32mMapped {/api/dashboard/summary, GET} route[39m[38;5;3m +1ms[39m
[32m[Nest] 27952  - [39m09/23/2026, 12:25:11 PM [32m    LOG[39m [38;5;3m[RouterExplorer] [39m[32mMapped {/api/dashboard/badges, GET} route[39m[38;5;3m +0ms[39m
[32m[Nest] 27952  - [39m09/23/2026, 12:25:11 PM [32m    LOG[39m [38;5;3m[RoutesResolver] [39m[32mRealtimeController {/api/realtime}:[39m[38;5;3m +0ms[39m
[32m[Nest] 27952  - [39m09/23/2026, 12:25:11 PM [32m    LOG[39m [38;5;3m[RouterExplorer] [39m[32mMapped {/api/realtime/token, POST} route[39m[38;5;3m +0ms[39m
[32m[Nest] 27952  - [39m09/23/2026, 12:25:11 PM [32m    LOG[39m [38;5;3m[RouterExplorer] [39m[32mMapped {/api/realtime/events, GET} route[39m[38;5;3m +0ms[39m
Seed completed.
[32m[Nest] 27952  - [39m09/23/2026, 12:25:11 PM [32m    LOG[39m [38;5;3m[NestApplication] [39m[32mNest application successfully started[39m[38;5;3m +24ms[39m
Application is running on: http://localhost:3000
Swagger UI is running on: http://localhost:3000/api
[2J[3J[H[[90m12:25:11 PM[0m] File change detected. Starting incremental compilation...

[[90m12:25:12 PM[0m] Found 0 errors. Watching for file changes.

[32m[Nest] 6996  - [39m09/23/2026, 12:25:15 PM [32m    LOG[39m [38;5;3m[NestFactory] [39m[32mStarting Nest application...[39m
[32m[Nest] 6996  - [39m09/23/2026, 12:25:15 PM [32m    LOG[39m [38;5;3m[InstanceLoader] [39m[32mTypeOrmModule dependencies initialized[39m[38;5;3m +112ms[39m
[32m[Nest] 6996  - [39m09/23/2026, 12:25:15 PM [32m    LOG[39m [38;5;3m[InstanceLoader] [39m[32mSecureStorageModule dependencies initialized[39m[38;5;3m +0ms[39m
[32m[Nest] 6996  - [39m09/23/2026, 12:25:15 PM [32m    LOG[39m [38;5;3m[InstanceLoader] [39m[32mSecurityModule dependencies initialized[39m[38;5;3m +0ms[39m
[32m[Nest] 6996  - [39m09/23/2026, 12:25:15 PM [32m    LOG[39m [38;5;3m[InstanceLoader] [39m[32mSettingsModule dependencies initialized[39m[38;5;3m +0ms[39m
[32m[Nest] 6996  - [39m09/23/2026, 12:25:15 PM [32m    LOG[39m [38;5;3m[InstanceLoader] [39m[32mReportsModule dependencies initialized[39m[38;5;3m +0ms[39m
[32m[Nest] 6996  - [39m09/23/2026, 12:25:15 PM [32m    LOG[39m [38;5;3m[InstanceLoader] [39m[32mRealtimeModule dependencies initialized[39m[38;5;3m +1ms[39m
[32m[Nest] 6996  - [39m09/23/2026, 12:25:15 PM [32m    LOG[39m [38;5;3m[InstanceLoader] [39m[32mAppModule dependencies initialized[39m[38;5;3m +0ms[39m
[32m[Nest] 6996  - [39m09/23/2026, 12:25:15 PM [32m    LOG[39m [38;5;3m[InstanceLoader] [39m[32mTypeOrmCoreModule dependencies initialized[39m[38;5;3m +115ms[39m
[32m[Nest] 6996  - [39m09/23/2026, 12:25:15 PM [32m    LOG[39m [38;5;3m[InstanceLoader] [39m[32mTypeOrmModule dependencies initialized[39m[38;5;3m +1ms[39m
[32m[Nest] 6996  - [39m09/23/2026, 12:25:15 PM [32m    LOG[39m [38;5;3m[InstanceLoader] [39m[32mTypeOrmModule dependencies initialized[39m[38;5;3m +0ms[39m
[32m[Nest] 6996  - [39m09/23/2026, 12:25:15 PM [32m    LOG[39m [38;5;3m[InstanceLoader] [39m[32mTypeOrmModule dependencies initialized[39m[38;5;3m +0ms[39m
[32m[Nest] 6996  - [39m09/23/2026, 12:25:15 PM [32m    LOG[39m [38;5;3m[InstanceLoader] [39m[32mTypeOrmModule dependencies initialized[39m[38;5;3m +0ms[39m
[32m[Nest] 6996  - [39m09/23/2026, 12:25:15 PM [32m    LOG[39m [38;5;3m[InstanceLoader] [39m[32mTypeOrmModule dependencies initialized[39m[38;5;3m +0ms[39m
[32m[Nest] 6996  - [39m09/23/2026, 12:25:15 PM [32m    LOG[39m [38;5;3m[InstanceLoader] [39m[32mTypeOrmModule dependencies initialized[39m[38;5;3m +0ms[39m
[32m[Nest] 6996  - [39m09/23/2026, 12:25:15 PM [32m    LOG[39m [38;5;3m[InstanceLoader] [39m[32mTypeOrmModule dependencies initialized[39m[38;5;3m +0ms[39m
[32m[Nest] 6996  - [39m09/23/2026, 12:25:15 PM [32m    LOG[39m [38;5;3m[InstanceLoader] [39m[32mTypeOrmModule dependencies initialized[39m[38;5;3m +0ms[39m
[32m[Nest] 6996  - [39m09/23/2026, 12:25:15 PM [32m    LOG[39m [38;5;3m[InstanceLoader] [39m[32mTypeOrmModule dependencies initialized[39m[38;5;3m +0ms[39m
[32m[Nest] 6996  - [39m09/23/2026, 12:25:15 PM [32m    LOG[39m [38;5;3m[InstanceLoader] [39m[32mTypeOrmModule dependencies initialized[39m[38;5;3m +1ms[39m
[32m[Nest] 6996  - [39m09/23/2026, 12:25:15 PM [32m    LOG[39m [38;5;3m[InstanceLoader] [39m[32mTypeOrmModule dependencies initialized[39m[38;5;3m +0ms[39m
[32m[Nest] 6996  - [39m09/23/2026, 12:25:15 PM [32m    LOG[39m [38;5;3m[InstanceLoader] [39m[32mSeedModule dependencies initialized[39m[38;5;3m +0ms[39m
[32m[Nest] 6996  - [39m09/23/2026, 12:25:15 PM [32m    LOG[39m [38;5;3m[InstanceLoader] [39m[32mUsersModule dependencies initialized[39m[38;5;3m +1ms[39m
[32m[Nest] 6996  - [39m09/23/2026, 12:25:15 PM [32m    LOG[39m [38;5;3m[InstanceLoader] [39m[32mFacesModule dependencies initialized[39m[38;5;3m +0ms[39m
[32m[Nest] 6996  - [39m09/23/2026, 12:25:15 PM [32m    LOG[39m [38;5;3m[InstanceLoader] [39m[32mAlertsModule dependencies initialized[39m[38;5;3m +0ms[39m
[32m[Nest] 6996  - [39m09/23/2026, 12:25:15 PM [32m    LOG[39m [38;5;3m[InstanceLoader] [39m[32mIncidentsModule dependencies initialized[39m[38;5;3m +0ms[39m
[32m[Nest] 6996  - [39m09/23/2026, 12:25:15 PM [32m    LOG[39m [38;5;3m[InstanceLoader] [39m[32mAiGatewayModule dependencies initialized[39m[38;5;3m +0ms[39m
[32m[Nest] 6996  - [39m09/23/2026, 12:25:15 PM [32m    LOG[39m [38;5;3m[InstanceLoader] [39m[32mBuildingsModule dependencies initialized[39m[38;5;3m +0ms[39m
[32m[Nest] 6996  - [39m09/23/2026, 12:25:15 PM [32m    LOG[39m [38;5;3m[InstanceLoader] [39m[32mDetectionsModule dependencies initialized[39m[38;5;3m +0ms[39m
[32m[Nest] 6996  - [39m09/23/2026, 12:25:15 PM [32m    LOG[39m [38;5;3m[InstanceLoader] [39m[32mDashboardModule dependencies initialized[39m[38;5;3m +0ms[39m
[32m[Nest] 6996  - [39m09/23/2026, 12:25:15 PM [32m    LOG[39m [38;5;3m[InstanceLoader] [39m[32mCamerasModule dependencies initialized[39m[38;5;3m +0ms[39m
[32m[Nest] 6996  - [39m09/23/2026, 12:25:15 PM [32m    LOG[39m [38;5;3m[InstanceLoader] [39m[32mEnrollmentsModule dependencies initialized[39m[38;5;3m +0ms[39m
[32m[Nest] 6996  - [39m09/23/2026, 12:25:15 PM [32m    LOG[39m [38;5;3m[RoutesResolver] [39m[32mAppController {/api}:[39m[38;5;3m +42ms[39m
[32m[Nest] 6996  - [39m09/23/2026, 12:25:15 PM [32m    LOG[39m [38;5;3m[RouterExplorer] [39m[32mMapped {/api, GET} route[39m[38;5;3m +4ms[39m
[32m[Nest] 6996  - [39m09/23/2026, 12:25:15 PM [32m    LOG[39m [38;5;3m[RoutesResolver] [39m[32mUsersController {/api/users}:[39m[38;5;3m +0ms[39m
[32m[Nest] 6996  - [39m09/23/2026, 12:25:15 PM [32m    LOG[39m [38;5;3m[RouterExplorer] [39m[32mMapped {/api/users, POST} route[39m[38;5;3m +1ms[39m
[32m[Nest] 6996  - [39m09/23/2026, 12:25:15 PM [32m    LOG[39m [38;5;3m[RouterExplorer] [39m[32mMapped {/api/users/login, POST} route[39m[38;5;3m +0ms[39m
[32m[Nest] 6996  - [39m09/23/2026, 12:25:15 PM [32m    LOG[39m [38;5;3m[RouterExplorer] [39m[32mMapped {/api/users, GET} route[39m[38;5;3m +0ms[39m
[32m[Nest] 6996  - [39m09/23/2026, 12:25:15 PM [32m    LOG[39m [38;5;3m[RouterExplorer] [39m[32mMapped {/api/users/:id, GET} route[39m[38;5;3m +1ms[39m
[32m[Nest] 6996  - [39m09/23/2026, 12:25:15 PM [32m    LOG[39m [38;5;3m[RouterExplorer] [39m[32mMapped {/api/users/:id, PATCH} route[39m[38;5;3m +0ms[39m
[32m[Nest] 6996  - [39m09/23/2026, 12:25:15 PM [32m    LOG[39m [38;5;3m[RouterExplorer] [39m[32mMapped {/api/users/:id, DELETE} route[39m[38;5;3m +1ms[39m
[32m[Nest] 6996  - [39m09/23/2026, 12:25:15 PM [32m    LOG[39m [38;5;3m[RoutesResolver] [39m[32mFacesController {/api/faces}:[39m[38;5;3m +0ms[39m
[32m[Nest] 6996  - [39m09/23/2026, 12:25:15 PM [32m    LOG[39m [38;5;3m[RouterExplorer] [39m[32mMapped {/api/faces, POST} route[39m[38;5;3m +0ms[39m
[32m[Nest] 6996  - [39m09/23/2026, 12:25:15 PM [32m    LOG[39m [38;5;3m[RouterExplorer] [39m[32mMapped {/api/faces, GET} route[39m[38;5;3m +1ms[39m
[32m[Nest] 6996  - [39m09/23/2026, 12:25:15 PM [32m    LOG[39m [38;5;3m[RouterExplorer] [39m[32mMapped {/api/faces/:id, GET} route[39m[38;5;3m +0ms[39m
[32m[Nest] 6996  - [39m09/23/2026, 12:25:15 PM [32m    LOG[39m [38;5;3m[RouterExplorer] [39m[32mMapped {/api/faces/:id, PATCH} route[39m[38;5;3m +0ms[39m
[32m[Nest] 6996  - [39m09/23/2026, 12:25:15 PM [32m    LOG[39m [38;5;3m[RouterExplorer] [39m[32mMapped {/api/faces/:id, DELETE} route[39m[38;5;3m +0ms[39m
[32m[Nest] 6996  - [39m09/23/2026, 12:25:15 PM [32m    LOG[39m [38;5;3m[RoutesResolver] [39m[32mAlertsController {/api/alerts}:[39m[38;5;3m +0ms[39m
[32m[Nest] 6996  - [39m09/23/2026, 12:25:15 PM [32m    LOG[39m [38;5;3m[RouterExplorer] [39m[32mMapped {/api/alerts, POST} route[39m[38;5;3m +1ms[39m
[32m[Nest] 6996  - [39m09/23/2026, 12:25:15 PM [32m    LOG[39m [38;5;3m[RouterExplorer] [39m[32mMapped {/api/alerts, GET} route[39m[38;5;3m +0ms[39m
[32m[Nest] 6996  - [39m09/23/2026, 12:25:15 PM [32m    LOG[39m [38;5;3m[RouterExplorer] [39m[32mMapped {/api/alerts/:id, GET} route[39m[38;5;3m +0ms[39m
[32m[Nest] 6996  - [39m09/23/2026, 12:25:15 PM [32m    LOG[39m [38;5;3m[RouterExplorer] [39m[32mMapped {/api/alerts/:id, PATCH} route[39m[38;5;3m +0ms[39m
[32m[Nest] 6996  - [39m09/23/2026, 12:25:15 PM [32m    LOG[39m [38;5;3m[RouterExplorer] [39m[32mMapped {/api/alerts/:id, DELETE} route[39m[38;5;3m +0ms[39m
[32m[Nest] 6996  - [39m09/23/2026, 12:25:15 PM [32m    LOG[39m [38;5;3m[RoutesResolver] [39m[32mIncidentsController {/api/incidents}:[39m[38;5;3m +0ms[39m
[32m[Nest] 6996  - [39m09/23/2026, 12:25:15 PM [32m    LOG[39m [38;5;3m[RouterExplorer] [39m[32mMapped {/api/incidents, POST} route[39m[38;5;3m +1ms[39m
[32m[Nest] 6996  - [39m09/23/2026, 12:25:15 PM [32m    LOG[39m [38;5;3m[RouterExplorer] [39m[32mMapped {/api/incidents, GET} route[39m[38;5;3m +0ms[39m
[32m[Nest] 6996  - [39m09/23/2026, 12:25:15 PM [32m    LOG[39m [38;5;3m[RouterExplorer] [39m[32mMapped {/api/incidents/:id, GET} route[39m[38;5;3m +0ms[39m
[32m[Nest] 6996  - [39m09/23/2026, 12:25:15 PM [32m    LOG[39m [38;5;3m[RouterExplorer] [39m[32mMapped {/api/incidents/:id, PATCH} route[39m[38;5;3m +1ms[39m
[32m[Nest] 6996  - [39m09/23/2026, 12:25:15 PM [32m    LOG[39m [38;5;3m[RouterExplorer] [39m[32mMapped {/api/incidents/:id, DELETE} route[39m[38;5;3m +0ms[39m
[32m[Nest] 6996  - [39m09/23/2026, 12:25:15 PM [32m    LOG[39m [38;5;3m[RoutesResolver] [39m[32mEnrollmentsController {/api/enrollments}:[39m[38;5;3m +0ms[39m
[32m[Nest] 6996  - [39m09/23/2026, 12:25:15 PM [32m    LOG[39m [38;5;3m[RouterExplorer] [39m[32mMapped {/api/enrollments, POST} route[39m[38;5;3m +0ms[39m
[32m[Nest] 6996  - [39m09/23/2026, 12:25:15 PM [32m    LOG[39m [38;5;3m[RouterExplorer] [39m[32mMapped {/api/enrollments/self-service, POST} route[39m[38;5;3m +1ms[39m
[32m[Nest] 6996  - [39m09/23/2026, 12:25:15 PM [32m    LOG[39m [38;5;3m[RouterExplorer] [39m[32mMapped {/api/enrollments/face-check, POST} route[39m[38;5;3m +0ms[39m
[32m[Nest] 6996  - [39m09/23/2026, 12:25:15 PM [32m    LOG[39m [38;5;3m[RouterExplorer] [39m[32mMapped {/api/enrollments, GET} route[39m[38;5;3m +0ms[39m
[32m[Nest] 6996  - [39m09/23/2026, 12:25:15 PM [32m    LOG[39m [38;5;3m[RouterExplorer] [39m[32mMapped {/api/enrollments/:id, GET} route[39m[38;5;3m +0ms[39m
[32m[Nest] 6996  - [39m09/23/2026, 12:25:15 PM [32m    LOG[39m [38;5;3m[RouterExplorer] [39m[32mMapped {/api/enrollments/:id, PATCH} route[39m[38;5;3m +1ms[39m
[32m[Nest] 6996  - [39m09/23/2026, 12:25:15 PM [32m    LOG[39m [38;5;3m[RouterExplorer] [39m[32mMapped {/api/enrollments/:id, DELETE} route[39m[38;5;3m +0ms[39m
[32m[Nest] 6996  - [39m09/23/2026, 12:25:15 PM [32m    LOG[39m [38;5;3m[RoutesResolver] [39m[32mAiGatewayController {/api/ai}:[39m[38;5;3m +0ms[39m
[32m[Nest] 6996  - [39m09/23/2026, 12:25:15 PM [32m    LOG[39m [38;5;3m[RouterExplorer] [39m[32mMapped {/api/ai/health, GET} route[39m[38;5;3m +0ms[39m
[32m[Nest] 6996  - [39m09/23/2026, 12:25:15 PM [32m    LOG[39m [38;5;3m[RouterExplorer] [39m[32mMapped {/api/ai/persons, GET} route[39m[38;5;3m +0ms[39m
[32m[Nest] 6996  - [39m09/23/2026, 12:25:15 PM [32m    LOG[39m [38;5;3m[RouterExplorer] [39m[32mMapped {/api/ai/recognize, POST} route[39m[38;5;3m +0ms[39m
[32m[Nest] 6996  - [39m09/23/2026, 12:25:15 PM [32m    LOG[39m [38;5;3m[RouterExplorer] [39m[32mMapped {/api/ai/faces/:faceId/sync, POST} route[39m[38;5;3m +0ms[39m
[32m[Nest] 6996  - [39m09/23/2026, 12:25:15 PM [32m    LOG[39m [38;5;3m[RoutesResolver] [39m[32mBuildingsController {/api/buildings}:[39m[38;5;3m +0ms[39m
[32m[Nest] 6996  - [39m09/23/2026, 12:25:15 PM [32m    LOG[39m [38;5;3m[RouterExplorer] [39m[32mMapped {/api/buildings, POST} route[39m[38;5;3m +1ms[39m
[32m[Nest] 6996  - [39m09/23/2026, 12:25:15 PM [32m    LOG[39m [38;5;3m[RouterExplorer] [39m[32mMapped {/api/buildings, GET} route[39m[38;5;3m +0ms[39m
[32m[Nest] 6996  - [39m09/23/2026, 12:25:15 PM [32m    LOG[39m [38;5;3m[RouterExplorer] [39m[32mMapped {/api/buildings/enrollment-options, GET} route[39m[38;5;3m +0ms[39m
[32m[Nest] 6996  - [39m09/23/2026, 12:25:15 PM [32m    LOG[39m [38;5;3m[RouterExplorer] [39m[32mMapped {/api/buildings/:code, GET} route[39m[38;5;3m +0ms[39m
[32m[Nest] 6996  - [39m09/23/2026, 12:25:15 PM [32m    LOG[39m [38;5;3m[RouterExplorer] [39m[32mMapped {/api/buildings/:code, PATCH} route[39m[38;5;3m +0ms[39m
[32m[Nest] 6996  - [39m09/23/2026, 12:25:15 PM [32m    LOG[39m [38;5;3m[RouterExplorer] [39m[32mMapped {/api/buildings/:code, DELETE} route[39m[38;5;3m +0ms[39m
[32m[Nest] 6996  - [39m09/23/2026, 12:25:15 PM [32m    LOG[39m [38;5;3m[RoutesResolver] [39m[32mCamerasController {/api/cameras}:[39m[38;5;3m +0ms[39m
[32m[Nest] 6996  - [39m09/23/2026, 12:25:15 PM [32m    LOG[39m [38;5;3m[RouterExplorer] [39m[32mMapped {/api/cameras, POST} route[39m[38;5;3m +1ms[39m
[32m[Nest] 6996  - [39m09/23/2026, 12:25:15 PM [32m    LOG[39m [38;5;3m[RouterExplorer] [39m[32mMapped {/api/cameras, GET} route[39m[38;5;3m +0ms[39m
[32m[Nest] 6996  - [39m09/23/2026, 12:25:15 PM [32m    LOG[39m [38;5;3m[RouterExplorer] [39m[32mMapped {/api/cameras/:id/stream-token, POST} route[39m[38;5;3m +0ms[39m
[32m[Nest] 6996  - [39m09/23/2026, 12:25:15 PM [32m    LOG[39m [38;5;3m[RouterExplorer] [39m[32mMapped {/api/cameras/stream/:playbackId, GET} route[39m[38;5;3m +0ms[39m
[32m[Nest] 6996  - [39m09/23/2026, 12:25:15 PM [32m    LOG[39m [38;5;3m[RouterExplorer] [39m[32mMapped {/api/cameras/:id, GET} route[39m[38;5;3m +0ms[39m
[32m[Nest] 6996  - [39m09/23/2026, 12:25:15 PM [32m    LOG[39m [38;5;3m[RouterExplorer] [39m[32mMapped {/api/cameras/:id, PATCH} route[39m[38;5;3m +0ms[39m
[32m[Nest] 6996  - [39m09/23/2026, 12:25:15 PM [32m    LOG[39m [38;5;3m[RouterExplorer] [39m[32mMapped {/api/cameras/:id, DELETE} route[39m[38;5;3m +0ms[39m
[32m[Nest] 6996  - [39m09/23/2026, 12:25:15 PM [32m    LOG[39m [38;5;3m[RouterExplorer] [39m[32mMapped {/api/cameras/:id/test, POST} route[39m[38;5;3m +1ms[39m
[32m[Nest] 6996  - [39m09/23/2026, 12:25:15 PM [32m    LOG[39m [38;5;3m[RoutesResolver] [39m[32mSettingsController {/api/settings}:[39m[38;5;3m +0ms[39m
[32m[Nest] 6996  - [39m09/23/2026, 12:25:15 PM [32m    LOG[39m [38;5;3m[RouterExplorer] [39m[32mMapped {/api/settings, POST} route[39m[38;5;3m +0ms[39m
[32m[Nest] 6996  - [39m09/23/2026, 12:25:15 PM [32m    LOG[39m [38;5;3m[RouterExplorer] [39m[32mMapped {/api/settings, GET} route[39m[38;5;3m +0ms[39m
[32m[Nest] 6996  - [39m09/23/2026, 12:25:15 PM [32m    LOG[39m [38;5;3m[RouterExplorer] [39m[32mMapped {/api/settings/:id, GET} route[39m[38;5;3m +0ms[39m
[32m[Nest] 6996  - [39m09/23/2026, 12:25:15 PM [32m    LOG[39m [38;5;3m[RouterExplorer] [39m[32mMapped {/api/settings/:id, PATCH} route[39m[38;5;3m +1ms[39m
[32m[Nest] 6996  - [39m09/23/2026, 12:25:15 PM [32m    LOG[39m [38;5;3m[RouterExplorer] [39m[32mMapped {/api/settings/:id, DELETE} route[39m[38;5;3m +0ms[39m
[32m[Nest] 6996  - [39m09/23/2026, 12:25:15 PM [32m    LOG[39m [38;5;3m[RoutesResolver] [39m[32mDetectionsController {/api/detections}:[39m[38;5;3m +0ms[39m
[32m[Nest] 6996  - [39m09/23/2026, 12:25:15 PM [32m    LOG[39m [38;5;3m[RouterExplorer] [39m[32mMapped {/api/detections, POST} route[39m[38;5;3m +0ms[39m
[32m[Nest] 6996  - [39m09/23/2026, 12:25:15 PM [32m    LOG[39m [38;5;3m[RouterExplorer] [39m[32mMapped {/api/detections/ai-event, POST} route[39m[38;5;3m +0ms[39m
[32m[Nest] 6996  - [39m09/23/2026, 12:25:15 PM [32m    LOG[39m [38;5;3m[RouterExplorer] [39m[32mMapped {/api/detections, GET} route[39m[38;5;3m +1ms[39m
[32m[Nest] 6996  - [39m09/23/2026, 12:25:15 PM [32m    LOG[39m [38;5;3m[RouterExplorer] [39m[32mMapped {/api/detections/:id, GET} route[39m[38;5;3m +0ms[39m
[32m[Nest] 6996  - [39m09/23/2026, 12:25:15 PM [32m    LOG[39m [38;5;3m[RouterExplorer] [39m[32mMapped {/api/detections/:id, PATCH} route[39m[38;5;3m +0ms[39m
[32m[Nest] 6996  - [39m09/23/2026, 12:25:15 PM [32m    LOG[39m [38;5;3m[RouterExplorer] [39m[32mMapped {/api/detections/:id, DELETE} route[39m[38;5;3m +0ms[39m
[32m[Nest] 6996  - [39m09/23/2026, 12:25:15 PM [32m    LOG[39m [38;5;3m[RoutesResolver] [39m[32mReportsController {/api/reports}:[39m[38;5;3m +0ms[39m
[32m[Nest] 6996  - [39m09/23/2026, 12:25:15 PM [32m    LOG[39m [38;5;3m[RouterExplorer] [39m[32mMapped {/api/reports, POST} route[39m[38;5;3m +1ms[39m
[32m[Nest] 6996  - [39m09/23/2026, 12:25:15 PM [32m    LOG[39m [38;5;3m[RouterExplorer] [39m[32mMapped {/api/reports, GET} route[39m[38;5;3m +0ms[39m
[32m[Nest] 6996  - [39m09/23/2026, 12:25:15 PM [32m    LOG[39m [38;5;3m[RouterExplorer] [39m[32mMapped {/api/reports/:id, GET} route[39m[38;5;3m +0ms[39m
[32m[Nest] 6996  - [39m09/23/2026, 12:25:15 PM [32m    LOG[39m [38;5;3m[RouterExplorer] [39m[32mMapped {/api/reports/:id, PATCH} route[39m[38;5;3m +0ms[39m
[32m[Nest] 6996  - [39m09/23/2026, 12:25:15 PM [32m    LOG[39m [38;5;3m[RouterExplorer] [39m[32mMapped {/api/reports/:id, DELETE} route[39m[38;5;3m +0ms[39m
[32m[Nest] 6996  - [39m09/23/2026, 12:25:15 PM [32m    LOG[39m [38;5;3m[RoutesResolver] [39m[32mDashboardController {/api/dashboard}:[39m[38;5;3m +1ms[39m
[32m[Nest] 6996  - [39m09/23/2026, 12:25:15 PM [32m    LOG[39m [38;5;3m[RouterExplorer] [39m[32mMapped {/api/dashboard/summary, GET} route[39m[38;5;3m +0ms[39m
[32m[Nest] 6996  - [39m09/23/2026, 12:25:15 PM [32m    LOG[39m [38;5;3m[RouterExplorer] [39m[32mMapped {/api/dashboard/badges, GET} route[39m[38;5;3m +0ms[39m
[32m[Nest] 6996  - [39m09/23/2026, 12:25:15 PM [32m    LOG[39m [38;5;3m[RoutesResolver] [39m[32mRealtimeController {/api/realtime}:[39m[38;5;3m +0ms[39m
[32m[Nest] 6996  - [39m09/23/2026, 12:25:15 PM [32m    LOG[39m [38;5;3m[RouterExplorer] [39m[32mMapped {/api/realtime/token, POST} route[39m[38;5;3m +0ms[39m
[32m[Nest] 6996  - [39m09/23/2026, 12:25:15 PM [32m    LOG[39m [38;5;3m[RouterExplorer] [39m[32mMapped {/api/realtime/events, GET} route[39m[38;5;3m +0ms[39m
Seed completed.
[32m[Nest] 6996  - [39m09/23/2026, 12:25:15 PM [32m    LOG[39m [38;5;3m[NestApplication] [39m[32mNest application successfully started[39m[38;5;3m +43ms[39m
Application is running on: http://localhost:3000
Swagger UI is running on: http://localhost:3000/api
[2J[3J[H[[90m12:25:32 PM[0m] File change detected. Starting incremental compilation...

[[90m12:25:34 PM[0m] Found 0 errors. Watching for file changes.

[32m[Nest] 7468  - [39m09/23/2026, 12:25:38 PM [32m    LOG[39m [38;5;3m[NestFactory] [39m[32mStarting Nest application...[39m
[32m[Nest] 7468  - [39m09/23/2026, 12:25:38 PM [32m    LOG[39m [38;5;3m[InstanceLoader] [39m[32mTypeOrmModule dependencies initialized[39m[38;5;3m +81ms[39m
[32m[Nest] 7468  - [39m09/23/2026, 12:25:38 PM [32m    LOG[39m [38;5;3m[InstanceLoader] [39m[32mSecureStorageModule dependencies initialized[39m[38;5;3m +0ms[39m
[32m[Nest] 7468  - [39m09/23/2026, 12:25:38 PM [32m    LOG[39m [38;5;3m[InstanceLoader] [39m[32mSecurityModule dependencies initialized[39m[38;5;3m +1ms[39m
[32m[Nest] 7468  - [39m09/23/2026, 12:25:38 PM [32m    LOG[39m [38;5;3m[InstanceLoader] [39m[32mSettingsModule dependencies initialized[39m[38;5;3m +0ms[39m
[32m[Nest] 7468  - [39m09/23/2026, 12:25:38 PM [32m    LOG[39m [38;5;3m[InstanceLoader] [39m[32mReportsModule dependencies initialized[39m[38;5;3m +0ms[39m
[32m[Nest] 7468  - [39m09/23/2026, 12:25:38 PM [32m    LOG[39m [38;5;3m[InstanceLoader] [39m[32mRealtimeModule dependencies initialized[39m[38;5;3m +0ms[39m
[32m[Nest] 7468  - [39m09/23/2026, 12:25:38 PM [32m    LOG[39m [38;5;3m[InstanceLoader] [39m[32mAppModule dependencies initialized[39m[38;5;3m +0ms[39m
[31m[Nest] 7468  - [39m09/23/2026, 12:25:38 PM [31m  ERROR[39m [38;5;3m[TypeOrmModule] [39m[31mUnable to connect to the database. Retrying (1)...[39m
AggregateError [ECONNREFUSED]: 
    at internalConnectMultiple (node:net:1134:18)
    at afterConnectMultiple (node:net:1715:7)
[31m[Nest] 7468  - [39m09/23/2026, 12:25:41 PM [31m  ERROR[39m [38;5;3m[TypeOrmModule] [39m[31mUnable to connect to the database. Retrying (2)...[39m
AggregateError [ECONNREFUSED]: 
    at internalConnectMultiple (node:net:1134:18)
    at afterConnectMultiple (node:net:1715:7)
[31m[Nest] 7468  - [39m09/23/2026, 12:25:44 PM [31m  ERROR[39m [38;5;3m[TypeOrmModule] [39m[31mUnable to connect to the database. Retrying (3)...[39m
AggregateError [ECONNREFUSED]: 
    at internalConnectMultiple (node:net:1134:18)
    at afterConnectMultiple (node:net:1715:7)
[31m[Nest] 7468  - [39m09/23/2026, 12:25:47 PM [31m  ERROR[39m [38;5;3m[TypeOrmModule] [39m[31mUnable to connect to the database. Retrying (4)...[39m
AggregateError [ECONNREFUSED]: 
    at internalConnectMultiple (node:net:1134:18)
    at afterConnectMultiple (node:net:1715:7)
[31m[Nest] 7468  - [39m09/23/2026, 12:25:50 PM [31m  ERROR[39m [38;5;3m[TypeOrmModule] [39m[31mUnable to connect to the database. Retrying (5)...[39m
AggregateError [ECONNREFUSED]: 
    at internalConnectMultiple (node:net:1134:18)
    at afterConnectMultiple (node:net:1715:7)
[31m[Nest] 7468  - [39m09/23/2026, 12:25:53 PM [31m  ERROR[39m [38;5;3m[TypeOrmModule] [39m[31mUnable to connect to the database. Retrying (6)...[39m
AggregateError [ECONNREFUSED]: 
    at internalConnectMultiple (node:net:1134:18)
    at afterConnectMultiple (node:net:1715:7)
[32m[Nest] 7468  - [39m09/23/2026, 12:25:56 PM [32m    LOG[39m [38;5;3m[InstanceLoader] [39m[32mTypeOrmCoreModule dependencies initialized[39m[38;5;3m +3160ms[39m
[32m[Nest] 7468  - [39m09/23/2026, 12:25:56 PM [32m    LOG[39m [38;5;3m[InstanceLoader] [39m[32mTypeOrmModule dependencies initialized[39m[38;5;3m +0ms[39m
[32m[Nest] 7468  - [39m09/23/2026, 12:25:56 PM [32m    LOG[39m [38;5;3m[InstanceLoader] [39m[32mTypeOrmModule dependencies initialized[39m[38;5;3m +0ms[39m
[32m[Nest] 7468  - [39m09/23/2026, 12:25:56 PM [32m    LOG[39m [38;5;3m[InstanceLoader] [39m[32mTypeOrmModule dependencies initialized[39m[38;5;3m +0ms[39m
[32m[Nest] 7468  - [39m09/23/2026, 12:25:56 PM [32m    LOG[39m [38;5;3m[InstanceLoader] [39m[32mTypeOrmModule dependencies initialized[39m[38;5;3m +0ms[39m
[32m[Nest] 7468  - [39m09/23/2026, 12:25:56 PM [32m    LOG[39m [38;5;3m[InstanceLoader] [39m[32mTypeOrmModule dependencies initialized[39m[38;5;3m +0ms[39m
[32m[Nest] 7468  - [39m09/23/2026, 12:25:56 PM [32m    LOG[39m [38;5;3m[InstanceLoader] [39m[32mTypeOrmModule dependencies initialized[39m[38;5;3m +0ms[39m
[32m[Nest] 7468  - [39m09/23/2026, 12:25:56 PM [32m    LOG[39m [38;5;3m[InstanceLoader] [39m[32mTypeOrmModule dependencies initialized[39m[38;5;3m +0ms[39m
[32m[Nest] 7468  - [39m09/23/2026, 12:25:56 PM [32m    LOG[39m [38;5;3m[InstanceLoader] [39m[32mTypeOrmModule dependencies initialized[39m[38;5;3m +0ms[39m
[32m[Nest] 7468  - [39m09/23/2026, 12:25:56 PM [32m    LOG[39m [38;5;3m[InstanceLoader] [39m[32mTypeOrmModule dependencies initialized[39m[38;5;3m +0ms[39m
[32m[Nest] 7468  - [39m09/23/2026, 12:25:56 PM [32m    LOG[39m [38;5;3m[InstanceLoader] [39m[32mTypeOrmModule dependencies initialized[39m[38;5;3m +0ms[39m
[32m[Nest] 7468  - [39m09/23/2026, 12:25:56 PM [32m    LOG[39m [38;5;3m[InstanceLoader] [39m[32mTypeOrmModule dependencies initialized[39m[38;5;3m +0ms[39m
[32m[Nest] 7468  - [39m09/23/2026, 12:25:56 PM [32m    LOG[39m [38;5;3m[InstanceLoader] [39m[32mSeedModule dependencies initialized[39m[38;5;3m +1ms[39m
[32m[Nest] 7468  - [39m09/23/2026, 12:25:56 PM [32m    LOG[39m [38;5;3m[InstanceLoader] [39m[32mUsersModule dependencies initialized[39m[38;5;3m +0ms[39m
[32m[Nest] 7468  - [39m09/23/2026, 12:25:56 PM [32m    LOG[39m [38;5;3m[InstanceLoader] [39m[32mFacesModule dependencies initialized[39m[38;5;3m +0ms[39m
[32m[Nest] 7468  - [39m09/23/2026, 12:25:56 PM [32m    LOG[39m [38;5;3m[InstanceLoader] [39m[32mAlertsModule dependencies initialized[39m[38;5;3m +0ms[39m
[32m[Nest] 7468  - [39m09/23/2026, 12:25:56 PM [32m    LOG[39m [38;5;3m[InstanceLoader] [39m[32mIncidentsModule dependencies initialized[39m[38;5;3m +0ms[39m
[32m[Nest] 7468  - [39m09/23/2026, 12:25:56 PM [32m    LOG[39m [38;5;3m[InstanceLoader] [39m[32mAiGatewayModule dependencies initialized[39m[38;5;3m +0ms[39m
[32m[Nest] 7468  - [39m09/23/2026, 12:25:56 PM [32m    LOG[39m [38;5;3m[InstanceLoader] [39m[32mBuildingsModule dependencies initialized[39m[38;5;3m +0ms[39m
[32m[Nest] 7468  - [39m09/23/2026, 12:25:56 PM [32m    LOG[39m [38;5;3m[InstanceLoader] [39m[32mDetectionsModule dependencies initialized[39m[38;5;3m +0ms[39m
[32m[Nest] 7468  - [39m09/23/2026, 12:25:56 PM [32m    LOG[39m [38;5;3m[InstanceLoader] [39m[32mDashboardModule dependencies initialized[39m[38;5;3m +0ms[39m
[32m[Nest] 7468  - [39m09/23/2026, 12:25:56 PM [32m    LOG[39m [38;5;3m[InstanceLoader] [39m[32mCamerasModule dependencies initialized[39m[38;5;3m +1ms[39m
[32m[Nest] 7468  - [39m09/23/2026, 12:25:56 PM [32m    LOG[39m [38;5;3m[InstanceLoader] [39m[32mEnrollmentsModule dependencies initialized[39m[38;5;3m +0ms[39m
[32m[Nest] 7468  - [39m09/23/2026, 12:25:56 PM [32m    LOG[39m [38;5;3m[RoutesResolver] [39m[32mAppController {/api}:[39m[38;5;3m +30ms[39m
[32m[Nest] 7468  - [39m09/23/2026, 12:25:56 PM [32m    LOG[39m [38;5;3m[RouterExplorer] [39m[32mMapped {/api, GET} route[39m[38;5;3m +2ms[39m
[32m[Nest] 7468  - [39m09/23/2026, 12:25:56 PM [32m    LOG[39m [38;5;3m[RoutesResolver] [39m[32mUsersController {/api/users}:[39m[38;5;3m +0ms[39m
[32m[Nest] 7468  - [39m09/23/2026, 12:25:56 PM [32m    LOG[39m [38;5;3m[RouterExplorer] [39m[32mMapped {/api/users, POST} route[39m[38;5;3m +0ms[39m
[32m[Nest] 7468  - [39m09/23/2026, 12:25:56 PM [32m    LOG[39m [38;5;3m[RouterExplorer] [39m[32mMapped {/api/users/login, POST} route[39m[38;5;3m +1ms[39m
[32m[Nest] 7468  - [39m09/23/2026, 12:25:56 PM [32m    LOG[39m [38;5;3m[RouterExplorer] [39m[32mMapped {/api/users, GET} route[39m[38;5;3m +0ms[39m
[32m[Nest] 7468  - [39m09/23/2026, 12:25:56 PM [32m    LOG[39m [38;5;3m[RouterExplorer] [39m[32mMapped {/api/users/:id, GET} route[39m[38;5;3m +0ms[39m
[32m[Nest] 7468  - [39m09/23/2026, 12:25:56 PM [32m    LOG[39m [38;5;3m[RouterExplorer] [39m[32mMapped {/api/users/:id, PATCH} route[39m[38;5;3m +0ms[39m
[32m[Nest] 7468  - [39m09/23/2026, 12:25:56 PM [32m    LOG[39m [38;5;3m[RouterExplorer] [39m[32mMapped {/api/users/:id, DELETE} route[39m[38;5;3m +1ms[39m
[32m[Nest] 7468  - [39m09/23/2026, 12:25:56 PM [32m    LOG[39m [38;5;3m[RoutesResolver] [39m[32mFacesController {/api/faces}:[39m[38;5;3m +0ms[39m
[32m[Nest] 7468  - [39m09/23/2026, 12:25:56 PM [32m    LOG[39m [38;5;3m[RouterExplorer] [39m[32mMapped {/api/faces, POST} route[39m[38;5;3m +0ms[39m
[32m[Nest] 7468  - [39m09/23/2026, 12:25:56 PM [32m    LOG[39m [38;5;3m[RouterExplorer] [39m[32mMapped {/api/faces, GET} route[39m[38;5;3m +0ms[39m
[32m[Nest] 7468  - [39m09/23/2026, 12:25:56 PM [32m    LOG[39m [38;5;3m[RouterExplorer] [39m[32mMapped {/api/faces/:id, GET} route[39m[38;5;3m +1ms[39m
[32m[Nest] 7468  - [39m09/23/2026, 12:25:56 PM [32m    LOG[39m [38;5;3m[RouterExplorer] [39m[32mMapped {/api/faces/:id, PATCH} route[39m[38;5;3m +0ms[39m
[32m[Nest] 7468  - [39m09/23/2026, 12:25:56 PM [32m    LOG[39m [38;5;3m[RouterExplorer] [39m[32mMapped {/api/faces/:id, DELETE} route[39m[38;5;3m +0ms[39m
[32m[Nest] 7468  - [39m09/23/2026, 12:25:56 PM [32m    LOG[39m [38;5;3m[RoutesResolver] [39m[32mAlertsController {/api/alerts}:[39m[38;5;3m +0ms[39m
[32m[Nest] 7468  - [39m09/23/2026, 12:25:56 PM [32m    LOG[39m [38;5;3m[RouterExplorer] [39m[32mMapped {/api/alerts, POST} route[39m[38;5;3m +0ms[39m
[32m[Nest] 7468  - [39m09/23/2026, 12:25:56 PM [32m    LOG[39m [38;5;3m[RouterExplorer] [39m[32mMapped {/api/alerts, GET} route[39m[38;5;3m +0ms[39m
[32m[Nest] 7468  - [39m09/23/2026, 12:25:56 PM [32m    LOG[39m [38;5;3m[RouterExplorer] [39m[32mMapped {/api/alerts/:id, GET} route[39m[38;5;3m +0ms[39m
[32m[Nest] 7468  - [39m09/23/2026, 12:25:56 PM [32m    LOG[39m [38;5;3m[RouterExplorer] [39m[32mMapped {/api/alerts/:id, PATCH} route[39m[38;5;3m +1ms[39m
[32m[Nest] 7468  - [39m09/23/2026, 12:25:56 PM [32m    LOG[39m [38;5;3m[RouterExplorer] [39m[32mMapped {/api/alerts/:id, DELETE} route[39m[38;5;3m +0ms[39m
[32m[Nest] 7468  - [39m09/23/2026, 12:25:56 PM [32m    LOG[39m [38;5;3m[RoutesResolver] [39m[32mIncidentsController {/api/incidents}:[39m[38;5;3m +0ms[39m
[32m[Nest] 7468  - [39m09/23/2026, 12:25:56 PM [32m    LOG[39m [38;5;3m[RouterExplorer] [39m[32mMapped {/api/incidents, POST} route[39m[38;5;3m +0ms[39m
[32m[Nest] 7468  - [39m09/23/2026, 12:25:56 PM [32m    LOG[39m [38;5;3m[RouterExplorer] [39m[32mMapped {/api/incidents, GET} route[39m[38;5;3m +0ms[39m
[32m[Nest] 7468  - [39m09/23/2026, 12:25:56 PM [32m    LOG[39m [38;5;3m[RouterExplorer] [39m[32mMapped {/api/incidents/:id, GET} route[39m[38;5;3m +0ms[39m
[32m[Nest] 7468  - [39m09/23/2026, 12:25:56 PM [32m    LOG[39m [38;5;3m[RouterExplorer] [39m[32mMapped {/api/incidents/:id, PATCH} route[39m[38;5;3m +0ms[39m
[32m[Nest] 7468  - [39m09/23/2026, 12:25:56 PM [32m    LOG[39m [38;5;3m[RouterExplorer] [39m[32mMapped {/api/incidents/:id, DELETE} route[39m[38;5;3m +0ms[39m
[32m[Nest] 7468  - [39m09/23/2026, 12:25:56 PM [32m    LOG[39m [38;5;3m[RoutesResolver] [39m[32mEnrollmentsController {/api/enrollments}:[39m[38;5;3m +1ms[39m
[32m[Nest] 7468  - [39m09/23/2026, 12:25:56 PM [32m    LOG[39m [38;5;3m[RouterExplorer] [39m[32mMapped {/api/enrollments, POST} route[39m[38;5;3m +0ms[39m
[32m[Nest] 7468  - [39m09/23/2026, 12:25:56 PM [32m    LOG[39m [38;5;3m[RouterExplorer] [39m[32mMapped {/api/enrollments/self-service, POST} route[39m[38;5;3m +0ms[39m
[32m[Nest] 7468  - [39m09/23/2026, 12:25:56 PM [32m    LOG[39m [38;5;3m[RouterExplorer] [39m[32mMapped {/api/enrollments/face-check, POST} route[39m[38;5;3m +0ms[39m
[32m[Nest] 7468  - [39m09/23/2026, 12:25:56 PM [32m    LOG[39m [38;5;3m[RouterExplorer] [39m[32mMapped {/api/enrollments, GET} route[39m[38;5;3m +0ms[39m
[32m[Nest] 7468  - [39m09/23/2026, 12:25:56 PM [32m    LOG[39m [38;5;3m[RouterExplorer] [39m[32mMapped {/api/enrollments/:id, GET} route[39m[38;5;3m +0ms[39m
[32m[Nest] 7468  - [39m09/23/2026, 12:25:56 PM [32m    LOG[39m [38;5;3m[RouterExplorer] [39m[32mMapped {/api/enrollments/:id, PATCH} route[39m[38;5;3m +0ms[39m
[32m[Nest] 7468  - [39m09/23/2026, 12:25:56 PM [32m    LOG[39m [38;5;3m[RouterExplorer] [39m[32mMapped {/api/enrollments/:id, DELETE} route[39m[38;5;3m +0ms[39m
[32m[Nest] 7468  - [39m09/23/2026, 12:25:56 PM [32m    LOG[39m [38;5;3m[RoutesResolver] [39m[32mAiGatewayController {/api/ai}:[39m[38;5;3m +1ms[39m
[32m[Nest] 7468  - [39m09/23/2026, 12:25:56 PM [32m    LOG[39m [38;5;3m[RouterExplorer] [39m[32mMapped {/api/ai/health, GET} route[39m[38;5;3m +0ms[39m
[32m[Nest] 7468  - [39m09/23/2026, 12:25:56 PM [32m    LOG[39m [38;5;3m[RouterExplorer] [39m[32mMapped {/api/ai/persons, GET} route[39m[38;5;3m +0ms[39m
[32m[Nest] 7468  - [39m09/23/2026, 12:25:56 PM [32m    LOG[39m [38;5;3m[RouterExplorer] [39m[32mMapped {/api/ai/recognize, POST} route[39m[38;5;3m +0ms[39m
[32m[Nest] 7468  - [39m09/23/2026, 12:25:56 PM [32m    LOG[39m [38;5;3m[RouterExplorer] [39m[32mMapped {/api/ai/faces/:faceId/sync, POST} route[39m[38;5;3m +0ms[39m
[32m[Nest] 7468  - [39m09/23/2026, 12:25:56 PM [32m    LOG[39m [38;5;3m[RoutesResolver] [39m[32mBuildingsController {/api/buildings}:[39m[38;5;3m +0ms[39m
[32m[Nest] 7468  - [39m09/23/2026, 12:25:56 PM [32m    LOG[39m [38;5;3m[RouterExplorer] [39m[32mMapped {/api/buildings, POST} route[39m[38;5;3m +0ms[39m
[32m[Nest] 7468  - [39m09/23/2026, 12:25:56 PM [32m    LOG[39m [38;5;3m[RouterExplorer] [39m[32mMapped {/api/buildings, GET} route[39m[38;5;3m +0ms[39m
[32m[Nest] 7468  - [39m09/23/2026, 12:25:56 PM [32m    LOG[39m [38;5;3m[RouterExplorer] [39m[32mMapped {/api/buildings/enrollment-options, GET} route[39m[38;5;3m +0ms[39m
[32m[Nest] 7468  - [39m09/23/2026, 12:25:56 PM [32m    LOG[39m [38;5;3m[RouterExplorer] [39m[32mMapped {/api/buildings/:code, GET} route[39m[38;5;3m +0ms[39m
[32m[Nest] 7468  - [39m09/23/2026, 12:25:56 PM [32m    LOG[39m [38;5;3m[RouterExplorer] [39m[32mMapped {/api/buildings/:code, PATCH} route[39m[38;5;3m +1ms[39m
[32m[Nest] 7468  - [39m09/23/2026, 12:25:56 PM [32m    LOG[39m [38;5;3m[RouterExplorer] [39m[32mMapped {/api/buildings/:code, DELETE} route[39m[38;5;3m +0ms[39m
[32m[Nest] 7468  - [39m09/23/2026, 12:25:56 PM [32m    LOG[39m [38;5;3m[RoutesResolver] [39m[32mCamerasController {/api/cameras}:[39m[38;5;3m +0ms[39m
[32m[Nest] 7468  - [39m09/23/2026, 12:25:56 PM [32m    LOG[39m [38;5;3m[RouterExplorer] [39m[32mMapped {/api/cameras, POST} route[39m[38;5;3m +0ms[39m
[32m[Nest] 7468  - [39m09/23/2026, 12:25:56 PM [32m    LOG[39m [38;5;3m[RouterExplorer] [39m[32mMapped {/api/cameras, GET} route[39m[38;5;3m +0ms[39m
[32m[Nest] 7468  - [39m09/23/2026, 12:25:56 PM [32m    LOG[39m [38;5;3m[RouterExplorer] [39m[32mMapped {/api/cameras/:id/stream-token, POST} route[39m[38;5;3m +0ms[39m
[32m[Nest] 7468  - [39m09/23/2026, 12:25:56 PM [32m    LOG[39m [38;5;3m[RouterExplorer] [39m[32mMapped {/api/cameras/stream/:playbackId, GET} route[39m[38;5;3m +0ms[39m
[32m[Nest] 7468  - [39m09/23/2026, 12:25:56 PM [32m    LOG[39m [38;5;3m[RouterExplorer] [39m[32mMapped {/api/cameras/:id, GET} route[39m[38;5;3m +0ms[39m
[32m[Nest] 7468  - [39m09/23/2026, 12:25:56 PM [32m    LOG[39m [38;5;3m[RouterExplorer] [39m[32mMapped {/api/cameras/:id, PATCH} route[39m[38;5;3m +0ms[39m
[32m[Nest] 7468  - [39m09/23/2026, 12:25:56 PM [32m    LOG[39m [38;5;3m[RouterExplorer] [39m[32mMapped {/api/cameras/:id, DELETE} route[39m[38;5;3m +1ms[39m
[32m[Nest] 7468  - [39m09/23/2026, 12:25:56 PM [32m    LOG[39m [38;5;3m[RouterExplorer] [39m[32mMapped {/api/cameras/:id/test, POST} route[39m[38;5;3m +0ms[39m
[32m[Nest] 7468  - [39m09/23/2026, 12:25:56 PM [32m    LOG[39m [38;5;3m[RoutesResolver] [39m[32mSettingsController {/api/settings}:[39m[38;5;3m +0ms[39m
[32m[Nest] 7468  - [39m09/23/2026, 12:25:56 PM [32m    LOG[39m [38;5;3m[RouterExplorer] [39m[32mMapped {/api/settings, POST} route[39m[38;5;3m +0ms[39m
[32m[Nest] 7468  - [39m09/23/2026, 12:25:56 PM [32m    LOG[39m [38;5;3m[RouterExplorer] [39m[32mMapped {/api/settings, GET} route[39m[38;5;3m +0ms[39m
[32m[Nest] 7468  - [39m09/23/2026, 12:25:56 PM [32m    LOG[39m [38;5;3m[RouterExplorer] [39m[32mMapped {/api/settings/:id, GET} route[39m[38;5;3m +0ms[39m
[32m[Nest] 7468  - [39m09/23/2026, 12:25:56 PM [32m    LOG[39m [38;5;3m[RouterExplorer] [39m[32mMapped {/api/settings/:id, PATCH} route[39m[38;5;3m +0ms[39m
[32m[Nest] 7468  - [39m09/23/2026, 12:25:56 PM [32m    LOG[39m [38;5;3m[RouterExplorer] [39m[32mMapped {/api/settings/:id, DELETE} route[39m[38;5;3m +0ms[39m
[32m[Nest] 7468  - [39m09/23/2026, 12:25:56 PM [32m    LOG[39m [38;5;3m[RoutesResolver] [39m[32mDetectionsController {/api/detections}:[39m[38;5;3m +0ms[39m
[32m[Nest] 7468  - [39m09/23/2026, 12:25:56 PM [32m    LOG[39m [38;5;3m[RouterExplorer] [39m[32mMapped {/api/detections, POST} route[39m[38;5;3m +1ms[39m
[32m[Nest] 7468  - [39m09/23/2026, 12:25:56 PM [32m    LOG[39m [38;5;3m[RouterExplorer] [39m[32mMapped {/api/detections/ai-event, POST} route[39m[38;5;3m +0ms[39m
[32m[Nest] 7468  - [39m09/23/2026, 12:25:56 PM [32m    LOG[39m [38;5;3m[RouterExplorer] [39m[32mMapped {/api/detections, GET} route[39m[38;5;3m +0ms[39m
[32m[Nest] 7468  - [39m09/23/2026, 12:25:56 PM [32m    LOG[39m [38;5;3m[RouterExplorer] [39m[32mMapped {/api/detections/:id, GET} route[39m[38;5;3m +0ms[39m
[32m[Nest] 7468  - [39m09/23/2026, 12:25:56 PM [32m    LOG[39m [38;5;3m[RouterExplorer] [39m[32mMapped {/api/detections/:id, PATCH} route[39m[38;5;3m +0ms[39m
[32m[Nest] 7468  - [39m09/23/2026, 12:25:56 PM [32m    LOG[39m [38;5;3m[RouterExplorer] [39m[32mMapped {/api/detections/:id, DELETE} route[39m[38;5;3m +0ms[39m
[32m[Nest] 7468  - [39m09/23/2026, 12:25:56 PM [32m    LOG[39m [38;5;3m[RoutesResolver] [39m[32mReportsController {/api/reports}:[39m[38;5;3m +0ms[39m
[32m[Nest] 7468  - [39m09/23/2026, 12:25:56 PM [32m    LOG[39m [38;5;3m[RouterExplorer] [39m[32mMapped {/api/reports, POST} route[39m[38;5;3m +0ms[39m
[32m[Nest] 7468  - [39m09/23/2026, 12:25:56 PM [32m    LOG[39m [38;5;3m[RouterExplorer] [39m[32mMapped {/api/reports, GET} route[39m[38;5;3m +0ms[39m
[32m[Nest] 7468  - [39m09/23/2026, 12:25:56 PM [32m    LOG[39m [38;5;3m[RouterExplorer] [39m[32mMapped {/api/reports/:id, GET} route[39m[38;5;3m +1ms[39m
[32m[Nest] 7468  - [39m09/23/2026, 12:25:56 PM [32m    LOG[39m [38;5;3m[RouterExplorer] [39m[32mMapped {/api/reports/:id, PATCH} route[39m[38;5;3m +0ms[39m
[32m[Nest] 7468  - [39m09/23/2026, 12:25:56 PM [32m    LOG[39m [38;5;3m[RouterExplorer] [39m[32mMapped {/api/reports/:id, DELETE} route[39m[38;5;3m +0ms[39m
[32m[Nest] 7468  - [39m09/23/2026, 12:25:56 PM [32m    LOG[39m [38;5;3m[RoutesResolver] [39m[32mDashboardController {/api/dashboard}:[39m[38;5;3m +0ms[39m
[32m[Nest] 7468  - [39m09/23/2026, 12:25:56 PM [32m    LOG[39m [38;5;3m[RouterExplorer] [39m[32mMapped {/api/dashboard/summary, GET} route[39m[38;5;3m +0ms[39m
[32m[Nest] 7468  - [39m09/23/2026, 12:25:56 PM [32m    LOG[39m [38;5;3m[RouterExplorer] [39m[32mMapped {/api/dashboard/badges, GET} route[39m[38;5;3m +1ms[39m
[32m[Nest] 7468  - [39m09/23/2026, 12:25:56 PM [32m    LOG[39m [38;5;3m[RoutesResolver] [39m[32mRealtimeController {/api/realtime}:[39m[38;5;3m +0ms[39m
[32m[Nest] 7468  - [39m09/23/2026, 12:25:56 PM [32m    LOG[39m [38;5;3m[RouterExplorer] [39m[32mMapped {/api/realtime/token, POST} route[39m[38;5;3m +0ms[39m
[32m[Nest] 7468  - [39m09/23/2026, 12:25:56 PM [32m    LOG[39m [38;5;3m[RouterExplorer] [39m[32mMapped {/api/realtime/events, GET} route[39m[38;5;3m +0ms[39m
Seed completed.
[32m[Nest] 7468  - [39m09/23/2026, 12:25:56 PM [32m    LOG[39m [38;5;3m[NestApplication] [39m[32mNest application successfully started[39m[38;5;3m +26ms[39m
Application is running on: http://localhost:3000
Swagger UI is running on: http://localhost:3000/api
[31m[Nest] 7468  - [39m09/23/2026, 12:32:26 PM [31m  ERROR[39m [38;5;3m[ExceptionsHandler] [39mAggregateError [ECONNREFUSED]: 
[90m    at internalConnectMultiple (node:net:1134:18)[39m
[90m    at afterConnectMultiple (node:net:1715:7)[39m {
  code: [32m'ECONNREFUSED'[39m,
  [errors]: [
    Error: connect ECONNREFUSED ::1:5432
    [90m    at createConnectionError (node:net:1678:14)[39m
    [90m    at afterConnectMultiple (node:net:1708:16)[39m {
      errno: [33m-4078[39m,
      code: [32m'ECONNREFUSED'[39m,
      syscall: [32m'connect'[39m,
      address: [32m'::1'[39m,
      port: [33m5432[39m
    },
    Error: connect ECONNREFUSED 127.0.0.1:5432
    [90m    at createConnectionError (node:net:1678:14)[39m
    [90m    at afterConnectMultiple (node:net:1708:16)[39m {
      errno: [33m-4078[39m,
      code: [32m'ECONNREFUSED'[39m,
      syscall: [32m'connect'[39m,
      address: [32m'127.0.0.1'[39m,
      port: [33m5432[39m
    }
  ]
}
[31m[Nest] 7468  - [39m09/23/2026, 12:32:29 PM [31m  ERROR[39m [38;5;3m[ExceptionsHandler] [39mAggregateError [ECONNREFUSED]: 
[90m    at internalConnectMultiple (node:net:1134:18)[39m
[90m    at afterConnectMultiple (node:net:1715:7)[39m {
  code: [32m'ECONNREFUSED'[39m,
  [errors]: [
    Error: connect ECONNREFUSED ::1:5432
    [90m    at createConnectionError (node:net:1678:14)[39m
    [90m    at afterConnectMultiple (node:net:1708:16)[39m {
      errno: [33m-4078[39m,
      code: [32m'ECONNREFUSED'[39m,
      syscall: [32m'connect'[39m,
      address: [32m'::1'[39m,
      port: [33m5432[39m
    },
    Error: connect ECONNREFUSED 127.0.0.1:5432
    [90m    at createConnectionError (node:net:1678:14)[39m
    [90m    at afterConnectMultiple (node:net:1708:16)[39m {
      errno: [33m-4078[39m,
      code: [32m'ECONNREFUSED'[39m,
      syscall: [32m'connect'[39m,
      address: [32m'127.0.0.1'[39m,
      port: [33m5432[39m
    }
  ]
}
[31m[Nest] 7468  - [39m09/23/2026, 12:32:30 PM [31m  ERROR[39m [38;5;3m[ExceptionsHandler] [39mAggregateError [ECONNREFUSED]: 
[90m    at internalConnectMultiple (node:net:1134:18)[39m
[90m    at afterConnectMultiple (node:net:1715:7)[39m {
  code: [32m'ECONNREFUSED'[39m,
  [errors]: [
    Error: connect ECONNREFUSED ::1:5432
    [90m    at createConnectionError (node:net:1678:14)[39m
    [90m    at afterConnectMultiple (node:net:1708:16)[39m {
      errno: [33m-4078[39m,
      code: [32m'ECONNREFUSED'[39m,
      syscall: [32m'connect'[39m,
      address: [32m'::1'[39m,
      port: [33m5432[39m
    },
    Error: connect ECONNREFUSED 127.0.0.1:5432
    [90m    at createConnectionError (node:net:1678:14)[39m
    [90m    at afterConnectMultiple (node:net:1708:16)[39m {
      errno: [33m-4078[39m,
      code: [32m'ECONNREFUSED'[39m,
      syscall: [32m'connect'[39m,
      address: [32m'127.0.0.1'[39m,
      port: [33m5432[39m
    }
  ]
}
[31m[Nest] 7468  - [39m09/23/2026, 12:37:44 PM [31m  ERROR[39m [38;5;3m[ExceptionsHandler] [39mAggregateError [ECONNREFUSED]: 
[90m    at internalConnectMultiple (node:net:1134:18)[39m
[90m    at afterConnectMultiple (node:net:1715:7)[39m {
  code: [32m'ECONNREFUSED'[39m,
  [errors]: [
    Error: connect ECONNREFUSED ::1:5432
    [90m    at createConnectionError (node:net:1678:14)[39m
    [90m    at afterConnectMultiple (node:net:1708:16)[39m {
      errno: [33m-4078[39m,
      code: [32m'ECONNREFUSED'[39m,
      syscall: [32m'connect'[39m,
      address: [32m'::1'[39m,
      port: [33m5432[39m
    },
    Error: connect ECONNREFUSED 127.0.0.1:5432
    [90m    at createConnectionError (node:net:1678:14)[39m
    [90m    at afterConnectMultiple (node:net:1708:16)[39m {
      errno: [33m-4078[39m,
      code: [32m'ECONNREFUSED'[39m,
      syscall: [32m'connect'[39m,
      address: [32m'127.0.0.1'[39m,
      port: [33m5432[39m
    }
  ]
}
[2J[3J[H[[90m1:25:24 PM[0m] File change detected. Starting incremental compilation...

[[90m1:25:25 PM[0m] Found 0 errors. Watching for file changes.

[2J[3J[H[[90m1:25:26 PM[0m] File change detected. Starting incremental compilation...

[[90m1:25:27 PM[0m] Found 0 errors. Watching for file changes.

[2J[3J[H[[90m1:25:28 PM[0m] File change detected. Starting incremental compilation...

[[90m1:25:28 PM[0m] Found 0 errors. Watching for file changes.

[2J[3J[H[[90m1:25:31 PM[0m] File change detected. Starting incremental compilation...

[[90m1:25:32 PM[0m] Found 0 errors. Watching for file changes.

[2J[3J[H[[90m1:25:36 PM[0m] File change detected. Starting incremental compilation...

[[90m1:25:37 PM[0m] Found 0 errors. Watching for file changes.

[2J[3J[H[[90m1:25:37 PM[0m] File change detected. Starting incremental compilation...

[[90m1:25:38 PM[0m] Found 0 errors. Watching for file changes.

[32m[Nest] 27776  - [39m09/23/2026, 1:25:44 PM [32m    LOG[39m [38;5;3m[NestFactory] [39m[32mStarting Nest application...[39m
[2J[3J[H[[90m1:25:44 PM[0m] File change detected. Starting incremental compilation...

[32m[Nest] 27776  - [39m09/23/2026, 1:25:44 PM [32m    LOG[39m [38;5;3m[InstanceLoader] [39m[32mTypeOrmModule dependencies initialized[39m[38;5;3m +165ms[39m
[32m[Nest] 27776  - [39m09/23/2026, 1:25:44 PM [32m    LOG[39m [38;5;3m[InstanceLoader] [39m[32mSecureStorageModule dependencies initialized[39m[38;5;3m +0ms[39m
[32m[Nest] 27776  - [39m09/23/2026, 1:25:44 PM [32m    LOG[39m [38;5;3m[InstanceLoader] [39m[32mSecurityModule dependencies initialized[39m[38;5;3m +0ms[39m
[32m[Nest] 27776  - [39m09/23/2026, 1:25:44 PM [32m    LOG[39m [38;5;3m[InstanceLoader] [39m[32mSettingsModule dependencies initialized[39m[38;5;3m +1ms[39m
[32m[Nest] 27776  - [39m09/23/2026, 1:25:44 PM [32m    LOG[39m [38;5;3m[InstanceLoader] [39m[32mReportsModule dependencies initialized[39m[38;5;3m +0ms[39m
[32m[Nest] 27776  - [39m09/23/2026, 1:25:44 PM [32m    LOG[39m [38;5;3m[InstanceLoader] [39m[32mRealtimeModule dependencies initialized[39m[38;5;3m +0ms[39m
[32m[Nest] 27776  - [39m09/23/2026, 1:25:44 PM [32m    LOG[39m [38;5;3m[InstanceLoader] [39m[32mAppModule dependencies initialized[39m[38;5;3m +1ms[39m
[31m[Nest] 27776  - [39m09/23/2026, 1:25:44 PM [31m  ERROR[39m [38;5;3m[TypeOrmModule] [39m[31mUnable to connect to the database. Retrying (1)...[39m
Error: Connection terminated unexpectedly
    at Connection.<anonymous> (E:\Edara Projects\Face Recognition\backend\node_modules\pg\lib\client.js:204:73)
    at Object.onceWrapper (node:events:633:28)
    at Connection.emit (node:events:519:28)
    at Socket.<anonymous> (E:\Edara Projects\Face Recognition\backend\node_modules\pg\lib\connection.js:64:12)
    at Socket.emit (node:events:519:28)
    at TCP.<anonymous> (node:net:346:12)
[[90m1:25:44 PM[0m] Found 0 errors. Watching for file changes.

[32m[Nest] 24624  - [39m09/23/2026, 1:25:50 PM [32m    LOG[39m [38;5;3m[NestFactory] [39m[32mStarting Nest application...[39m
[32m[Nest] 24624  - [39m09/23/2026, 1:25:50 PM [32m    LOG[39m [38;5;3m[InstanceLoader] [39m[32mTypeOrmModule dependencies initialized[39m[38;5;3m +129ms[39m
[32m[Nest] 24624  - [39m09/23/2026, 1:25:50 PM [32m    LOG[39m [38;5;3m[InstanceLoader] [39m[32mSecureStorageModule dependencies initialized[39m[38;5;3m +0ms[39m
[32m[Nest] 24624  - [39m09/23/2026, 1:25:50 PM [32m    LOG[39m [38;5;3m[InstanceLoader] [39m[32mSecurityModule dependencies initialized[39m[38;5;3m +1ms[39m
[32m[Nest] 24624  - [39m09/23/2026, 1:25:50 PM [32m    LOG[39m [38;5;3m[InstanceLoader] [39m[32mSettingsModule dependencies initialized[39m[38;5;3m +0ms[39m
[32m[Nest] 24624  - [39m09/23/2026, 1:25:50 PM [32m    LOG[39m [38;5;3m[InstanceLoader] [39m[32mReportsModule dependencies initialized[39m[38;5;3m +0ms[39m
[32m[Nest] 24624  - [39m09/23/2026, 1:25:50 PM [32m    LOG[39m [38;5;3m[InstanceLoader] [39m[32mRealtimeModule dependencies initialized[39m[38;5;3m +0ms[39m
[32m[Nest] 24624  - [39m09/23/2026, 1:25:50 PM [32m    LOG[39m [38;5;3m[InstanceLoader] [39m[32mAppModule dependencies initialized[39m[38;5;3m +1ms[39m
[31m[Nest] 24624  - [39m09/23/2026, 1:25:50 PM [31m  ERROR[39m [38;5;3m[TypeOrmModule] [39m[31mUnable to connect to the database. Retrying (1)...[39m
Error: Connection terminated unexpectedly
    at Connection.<anonymous> (E:\Edara Projects\Face Recognition\backend\node_modules\pg\lib\client.js:204:73)
    at Object.onceWrapper (node:events:633:28)
    at Connection.emit (node:events:519:28)
    at Socket.<anonymous> (E:\Edara Projects\Face Recognition\backend\node_modules\pg\lib\connection.js:64:12)
    at Socket.emit (node:events:519:28)
    at TCP.<anonymous> (node:net:346:12)
[31m[Nest] 24624  - [39m09/23/2026, 1:25:53 PM [31m  ERROR[39m [38;5;3m[TypeOrmModule] [39m[31mUnable to connect to the database. Retrying (2)...[39m
Error: Connection terminated unexpectedly
    at Connection.<anonymous> (E:\Edara Projects\Face Recognition\backend\node_modules\pg\lib\client.js:204:73)
    at Object.onceWrapper (node:events:633:28)
    at Connection.emit (node:events:519:28)
    at Socket.<anonymous> (E:\Edara Projects\Face Recognition\backend\node_modules\pg\lib\connection.js:64:12)
    at Socket.emit (node:events:519:28)
    at TCP.<anonymous> (node:net:346:12)
[31m[Nest] 24624  - [39m09/23/2026, 1:25:56 PM [31m  ERROR[39m [38;5;3m[TypeOrmModule] [39m[31mUnable to connect to the database. Retrying (3)...[39m
Error: Connection terminated unexpectedly
    at Connection.<anonymous> (E:\Edara Projects\Face Recognition\backend\node_modules\pg\lib\client.js:204:73)
    at Object.onceWrapper (node:events:633:28)
    at Connection.emit (node:events:519:28)
    at Socket.<anonymous> (E:\Edara Projects\Face Recognition\backend\node_modules\pg\lib\connection.js:64:12)
    at Socket.emit (node:events:519:28)
    at TCP.<anonymous> (node:net:346:12)
[31m[Nest] 24624  - [39m09/23/2026, 1:25:59 PM [31m  ERROR[39m [38;5;3m[TypeOrmModule] [39m[31mUnable to connect to the database. Retrying (4)...[39m
Error: Connection terminated unexpectedly
    at Connection.<anonymous> (E:\Edara Projects\Face Recognition\backend\node_modules\pg\lib\client.js:204:73)
    at Object.onceWrapper (node:events:633:28)
    at Connection.emit (node:events:519:28)
    at Socket.<anonymous> (E:\Edara Projects\Face Recognition\backend\node_modules\pg\lib\connection.js:64:12)
    at Socket.emit (node:events:519:28)
    at TCP.<anonymous> (node:net:346:12)
[31m[Nest] 24624  - [39m09/23/2026, 1:26:02 PM [31m  ERROR[39m [38;5;3m[TypeOrmModule] [39m[31mUnable to connect to the database. Retrying (5)...[39m
Error: Connection terminated unexpectedly
    at Connection.<anonymous> (E:\Edara Projects\Face Recognition\backend\node_modules\pg\lib\client.js:204:73)
    at Object.onceWrapper (node:events:633:28)
    at Connection.emit (node:events:519:28)
    at Socket.<anonymous> (E:\Edara Projects\Face Recognition\backend\node_modules\pg\lib\connection.js:64:12)
    at Socket.emit (node:events:519:28)
    at TCP.<anonymous> (node:net:346:12)
[31m[Nest] 24624  - [39m09/23/2026, 1:26:05 PM [31m  ERROR[39m [38;5;3m[TypeOrmModule] [39m[31mUnable to connect to the database. Retrying (6)...[39m
Error: Connection terminated unexpectedly
    at Connection.<anonymous> (E:\Edara Projects\Face Recognition\backend\node_modules\pg\lib\client.js:204:73)
    at Object.onceWrapper (node:events:633:28)
    at Connection.emit (node:events:519:28)
    at Socket.<anonymous> (E:\Edara Projects\Face Recognition\backend\node_modules\pg\lib\connection.js:64:12)
    at Socket.emit (node:events:519:28)
    at TCP.<anonymous> (node:net:346:12)
[31m[Nest] 24624  - [39m09/23/2026, 1:26:08 PM [31m  ERROR[39m [38;5;3m[TypeOrmModule] [39m[31mUnable to connect to the database. Retrying (7)...[39m
Error: Connection terminated unexpectedly
    at Connection.<anonymous> (E:\Edara Projects\Face Recognition\backend\node_modules\pg\lib\client.js:204:73)
    at Object.onceWrapper (node:events:633:28)
    at Connection.emit (node:events:519:28)
    at Socket.<anonymous> (E:\Edara Projects\Face Recognition\backend\node_modules\pg\lib\connection.js:64:12)
    at Socket.emit (node:events:519:28)
    at TCP.<anonymous> (node:net:346:12)
[31m[Nest] 24624  - [39m09/23/2026, 1:26:11 PM [31m  ERROR[39m [38;5;3m[TypeOrmModule] [39m[31mUnable to connect to the database. Retrying (8)...[39m
Error: Connection terminated unexpectedly
    at Connection.<anonymous> (E:\Edara Projects\Face Recognition\backend\node_modules\pg\lib\client.js:204:73)
    at Object.onceWrapper (node:events:633:28)
    at Connection.emit (node:events:519:28)
    at Socket.<anonymous> (E:\Edara Projects\Face Recognition\backend\node_modules\pg\lib\connection.js:64:12)
    at Socket.emit (node:events:519:28)
    at TCP.<anonymous> (node:net:346:12)
[31m[Nest] 24624  - [39m09/23/2026, 1:26:14 PM [31m  ERROR[39m [38;5;3m[TypeOrmModule] [39m[31mUnable to connect to the database. Retrying (9)...[39m
Error: Connection terminated unexpectedly
    at Connection.<anonymous> (E:\Edara Projects\Face Recognition\backend\node_modules\pg\lib\client.js:204:73)
    at Object.onceWrapper (node:events:633:28)
    at Connection.emit (node:events:519:28)
    at Socket.<anonymous> (E:\Edara Projects\Face Recognition\backend\node_modules\pg\lib\connection.js:64:12)
    at Socket.emit (node:events:519:28)
    at TCP.<anonymous> (node:net:346:12)
[31m[Nest] 24624  - [39m09/23/2026, 1:26:14 PM [31m  ERROR[39m [38;5;3m[ExceptionHandler] [39mError: Connection terminated unexpectedly
    at Connection.<anonymous> [90m(E:\Edara Projects\Face Recognition\backend\[39mnode_modules\[4mpg[24m\lib\client.js:204:73[90m)[39m
[90m    at Object.onceWrapper (node:events:633:28)[39m
[90m    at Connection.emit (node:events:519:28)[39m
    at Socket.<anonymous> [90m(E:\Edara Projects\Face Recognition\backend\[39mnode_modules\[4mpg[24m\lib\connection.js:64:12[90m)[39m
[90m    at Socket.emit (node:events:519:28)[39m
[90m    at TCP.<anonymous> (node:net:346:12)[39m
[2J[3J[H[[90m1:26:48 PM[0m] File change detected. Starting incremental compilation...

[2J[3J[H[[90m1:28:42 PM[0m] File change detected. Starting incremental compilation...

[[90m1:28:43 PM[0m] Found 0 errors. Watching for file changes.

[2J[3J[H[[90m1:28:44 PM[0m] File change detected. Starting incremental compilation...

[[90m1:28:45 PM[0m] Found 0 errors. Watching for file changes.

node:internal/modules/cjs/loader:1433
  throw err;
  ^

Error: Cannot find module 'E:\Edara Projects\Face Recognition\backend\dist\main'
    at Function._resolveFilename (node:internal/modules/cjs/loader:1430:15)
    at defaultResolveImpl (node:internal/modules/cjs/loader:1040:19)
    at resolveForCJSWithHooks (node:internal/modules/cjs/loader:1045:22)
    at Function._load (node:internal/modules/cjs/loader:1216:25)
    at wrapModuleLoad (node:internal/modules/cjs/loader:254:19)
    at Function.executeUserEntryPoint [as runMain] (node:internal/modules/run_main:171:5)
    at node:internal/main/run_main_module:36:49 {
  code: 'MODULE_NOT_FOUND',
  requireStack: []
}

Node.js v22.22.3
[2J[3J[H[[90m1:28:56 PM[0m] File change detected. Starting incremental compilation...

[[90m1:28:57 PM[0m] Found 0 errors. Watching for file changes.

node:internal/modules/cjs/loader:1433
  throw err;
  ^

Error: Cannot find module 'E:\Edara Projects\Face Recognition\backend\dist\main'
    at Function._resolveFilename (node:internal/modules/cjs/loader:1430:15)
    at defaultResolveImpl (node:internal/modules/cjs/loader:1040:19)
    at resolveForCJSWithHooks (node:internal/modules/cjs/loader:1045:22)
    at Function._load (node:internal/modules/cjs/loader:1216:25)
    at wrapModuleLoad (node:internal/modules/cjs/loader:254:19)
    at Function.executeUserEntryPoint [as runMain] (node:internal/modules/run_main:171:5)
    at node:internal/main/run_main_module:36:49 {
  code: 'MODULE_NOT_FOUND',
  requireStack: []
}

Node.js v22.22.3
[2J[3J[H[[90m1:28:58 PM[0m] File change detected. Starting incremental compilation...

[[90m1:28:59 PM[0m] Found 0 errors. Watching for file changes.

node:internal/modules/cjs/loader:1433
  throw err;
  ^

Error: Cannot find module 'E:\Edara Projects\Face Recognition\backend\dist\main'
    at Function._resolveFilename (node:internal/modules/cjs/loader:1430:15)
    at defaultResolveImpl (node:internal/modules/cjs/loader:1040:19)
    at resolveForCJSWithHooks (node:internal/modules/cjs/loader:1045:22)
    at Function._load (node:internal/modules/cjs/loader:1216:25)
    at wrapModuleLoad (node:internal/modules/cjs/loader:254:19)
    at Function.executeUserEntryPoint [as runMain] (node:internal/modules/run_main:171:5)
    at node:internal/main/run_main_module:36:49 {
  code: 'MODULE_NOT_FOUND',
  requireStack: []
}

Node.js v22.22.3
